<!doctype html public "-//w3c//dtd html 4.0 transitional//en">
<html><head>
<title>Static Call Graph - [STM32F469I-DISCO\STM32F469I-DISCO.axf]</title></head>
<body><HR>
<H1>Static Call Graph for image STM32F469I-DISCO\STM32F469I-DISCO.axf</H1><HR>
<BR><P>#&#060CALLGRAPH&#062# ARM Linker, 5060960: Last Updated: Mon Nov 14 15:07:46 2022
<BR><P>
<H3>Maximum Stack Usage =       3856 bytes + Unknown(Cycles, Untraceable Function Pointers)</H3><H3>
Call chain for Maximum Stack Depth:</H3>
main &rArr; MX_X_CUBE_AI_Init &rArr; ai_network_get_info &rArr; ai_platform_api_get_network_report &rArr; _ai_platform_get_io_buffers_info &rArr; ai_array_to_buffer_fmt
<P>
<H3>
Mutually Recursive functions
</H3> <LI><a href="#[35]">ADC_IRQHandler</a>&nbsp;&nbsp;&nbsp;&rArr;&nbsp;&nbsp;&nbsp;<a href="#[35]">ADC_IRQHandler</a><BR>
 <LI><a href="#[1d]">BusFault_Handler</a>&nbsp;&nbsp;&nbsp;&rArr;&nbsp;&nbsp;&nbsp;<a href="#[1d]">BusFault_Handler</a><BR>
 <LI><a href="#[1b]">HardFault_Handler</a>&nbsp;&nbsp;&nbsp;&rArr;&nbsp;&nbsp;&nbsp;<a href="#[1b]">HardFault_Handler</a><BR>
 <LI><a href="#[1c]">MemManage_Handler</a>&nbsp;&nbsp;&nbsp;&rArr;&nbsp;&nbsp;&nbsp;<a href="#[1c]">MemManage_Handler</a><BR>
 <LI><a href="#[1e]">UsageFault_Handler</a>&nbsp;&nbsp;&nbsp;&rArr;&nbsp;&nbsp;&nbsp;<a href="#[1e]">UsageFault_Handler</a><BR>
 <LI><a href="#[25f]">touchgfx::TouchCalibration::muldivu(unsigned, unsigned, unsigned, unsigned, unsigned, unsigned&)</a>&nbsp;&nbsp;&nbsp;&rArr;&nbsp;&nbsp;&nbsp;<a href="#[25f]">touchgfx::TouchCalibration::muldivu(unsigned, unsigned, unsigned, unsigned, unsigned, unsigned&)</a><BR>
 <LI><a href="#[270]">touchgfx::Screen::JSMOC(const touchgfx::Rect&, touchgfx::Drawable*)</a>&nbsp;&nbsp;&nbsp;&rArr;&nbsp;&nbsp;&nbsp;<a href="#[270]">touchgfx::Screen::JSMOC(const touchgfx::Rect&, touchgfx::Drawable*)</a><BR>
</UL>
<P>
<H3>
Function Pointers
</H3><UL>
 <LI><a href="#[35]">ADC_IRQHandler</a> from startup_stm32f469xx.o(.text) referenced from startup_stm32f469xx.o(RESET)
 <LI><a href="#[1d]">BusFault_Handler</a> from stm32f4xx_it.o(i.BusFault_Handler) referenced from startup_stm32f469xx.o(RESET)
 <LI><a href="#[37]">CAN1_RX0_IRQHandler</a> from startup_stm32f469xx.o(.text) referenced from startup_stm32f469xx.o(RESET)
 <LI><a href="#[38]">CAN1_RX1_IRQHandler</a> from startup_stm32f469xx.o(.text) referenced from startup_stm32f469xx.o(RESET)
 <LI><a href="#[39]">CAN1_SCE_IRQHandler</a> from startup_stm32f469xx.o(.text) referenced from startup_stm32f469xx.o(RESET)
 <LI><a href="#[36]">CAN1_TX_IRQHandler</a> from startup_stm32f469xx.o(.text) referenced from startup_stm32f469xx.o(RESET)
 <LI><a href="#[63]">CAN2_RX0_IRQHandler</a> from startup_stm32f469xx.o(.text) referenced from startup_stm32f469xx.o(RESET)
 <LI><a href="#[64]">CAN2_RX1_IRQHandler</a> from startup_stm32f469xx.o(.text) referenced from startup_stm32f469xx.o(RESET)
 <LI><a href="#[65]">CAN2_SCE_IRQHandler</a> from startup_stm32f469xx.o(.text) referenced from startup_stm32f469xx.o(RESET)
 <LI><a href="#[62]">CAN2_TX_IRQHandler</a> from startup_stm32f469xx.o(.text) referenced from startup_stm32f469xx.o(RESET)
 <LI><a href="#[71]">DCMI_IRQHandler</a> from startup_stm32f469xx.o(.text) referenced from startup_stm32f469xx.o(RESET)
 <LI><a href="#[2e]">DMA1_Stream0_IRQHandler</a> from startup_stm32f469xx.o(.text) referenced from startup_stm32f469xx.o(RESET)
 <LI><a href="#[2f]">DMA1_Stream1_IRQHandler</a> from startup_stm32f469xx.o(.text) referenced from startup_stm32f469xx.o(RESET)
 <LI><a href="#[30]">DMA1_Stream2_IRQHandler</a> from startup_stm32f469xx.o(.text) referenced from startup_stm32f469xx.o(RESET)
 <LI><a href="#[31]">DMA1_Stream3_IRQHandler</a> from startup_stm32f469xx.o(.text) referenced from startup_stm32f469xx.o(RESET)
 <LI><a href="#[32]">DMA1_Stream4_IRQHandler</a> from startup_stm32f469xx.o(.text) referenced from startup_stm32f469xx.o(RESET)
 <LI><a href="#[33]">DMA1_Stream5_IRQHandler</a> from startup_stm32f469xx.o(.text) referenced from startup_stm32f469xx.o(RESET)
 <LI><a href="#[34]">DMA1_Stream6_IRQHandler</a> from startup_stm32f469xx.o(.text) referenced from startup_stm32f469xx.o(RESET)
 <LI><a href="#[52]">DMA1_Stream7_IRQHandler</a> from startup_stm32f469xx.o(.text) referenced from startup_stm32f469xx.o(RESET)
 <LI><a href="#[7c]">DMA2D_IRQHandler</a> from stm32f4xx_it.o(i.DMA2D_IRQHandler) referenced from startup_stm32f469xx.o(RESET)
 <LI><a href="#[5b]">DMA2_Stream0_IRQHandler</a> from startup_stm32f469xx.o(.text) referenced from startup_stm32f469xx.o(RESET)
 <LI><a href="#[5c]">DMA2_Stream1_IRQHandler</a> from startup_stm32f469xx.o(.text) referenced from startup_stm32f469xx.o(RESET)
 <LI><a href="#[5d]">DMA2_Stream2_IRQHandler</a> from startup_stm32f469xx.o(.text) referenced from startup_stm32f469xx.o(RESET)
 <LI><a href="#[5e]">DMA2_Stream3_IRQHandler</a> from startup_stm32f469xx.o(.text) referenced from startup_stm32f469xx.o(RESET)
 <LI><a href="#[5f]">DMA2_Stream4_IRQHandler</a> from startup_stm32f469xx.o(.text) referenced from startup_stm32f469xx.o(RESET)
 <LI><a href="#[67]">DMA2_Stream5_IRQHandler</a> from startup_stm32f469xx.o(.text) referenced from startup_stm32f469xx.o(RESET)
 <LI><a href="#[68]">DMA2_Stream6_IRQHandler</a> from startup_stm32f469xx.o(.text) referenced from startup_stm32f469xx.o(RESET)
 <LI><a href="#[69]">DMA2_Stream7_IRQHandler</a> from startup_stm32f469xx.o(.text) referenced from startup_stm32f469xx.o(RESET)
 <LI><a href="#[7e]">DSI_IRQHandler</a> from stm32f4xx_it.o(i.DSI_IRQHandler) referenced from startup_stm32f469xx.o(RESET)
 <LI><a href="#[20]">DebugMon_Handler</a> from stm32f4xx_it.o(i.DebugMon_Handler) referenced from startup_stm32f469xx.o(RESET)
 <LI><a href="#[60]">ETH_IRQHandler</a> from startup_stm32f469xx.o(.text) referenced from startup_stm32f469xx.o(RESET)
 <LI><a href="#[61]">ETH_WKUP_IRQHandler</a> from startup_stm32f469xx.o(.text) referenced from startup_stm32f469xx.o(RESET)
 <LI><a href="#[29]">EXTI0_IRQHandler</a> from startup_stm32f469xx.o(.text) referenced from startup_stm32f469xx.o(RESET)
 <LI><a href="#[4b]">EXTI15_10_IRQHandler</a> from startup_stm32f469xx.o(.text) referenced from startup_stm32f469xx.o(RESET)
 <LI><a href="#[2a]">EXTI1_IRQHandler</a> from startup_stm32f469xx.o(.text) referenced from startup_stm32f469xx.o(RESET)
 <LI><a href="#[2b]">EXTI2_IRQHandler</a> from startup_stm32f469xx.o(.text) referenced from startup_stm32f469xx.o(RESET)
 <LI><a href="#[2c]">EXTI3_IRQHandler</a> from startup_stm32f469xx.o(.text) referenced from startup_stm32f469xx.o(RESET)
 <LI><a href="#[2d]">EXTI4_IRQHandler</a> from startup_stm32f469xx.o(.text) referenced from startup_stm32f469xx.o(RESET)
 <LI><a href="#[3a]">EXTI9_5_IRQHandler</a> from startup_stm32f469xx.o(.text) referenced from startup_stm32f469xx.o(RESET)
 <LI><a href="#[27]">FLASH_IRQHandler</a> from startup_stm32f469xx.o(.text) referenced from startup_stm32f469xx.o(RESET)
 <LI><a href="#[53]">FMC_IRQHandler</a> from startup_stm32f469xx.o(.text) referenced from startup_stm32f469xx.o(RESET)
 <LI><a href="#[73]">FPU_IRQHandler</a> from startup_stm32f469xx.o(.text) referenced from startup_stm32f469xx.o(RESET)
 <LI><a href="#[72]">HASH_RNG_IRQHandler</a> from startup_stm32f469xx.o(.text) referenced from startup_stm32f469xx.o(RESET)
 <LI><a href="#[1b]">HardFault_Handler</a> from stm32f4xx_it.o(i.HardFault_Handler) referenced from startup_stm32f469xx.o(RESET)
 <LI><a href="#[43]">I2C1_ER_IRQHandler</a> from startup_stm32f469xx.o(.text) referenced from startup_stm32f469xx.o(RESET)
 <LI><a href="#[42]">I2C1_EV_IRQHandler</a> from startup_stm32f469xx.o(.text) referenced from startup_stm32f469xx.o(RESET)
 <LI><a href="#[45]">I2C2_ER_IRQHandler</a> from startup_stm32f469xx.o(.text) referenced from startup_stm32f469xx.o(RESET)
 <LI><a href="#[44]">I2C2_EV_IRQHandler</a> from startup_stm32f469xx.o(.text) referenced from startup_stm32f469xx.o(RESET)
 <LI><a href="#[6c]">I2C3_ER_IRQHandler</a> from startup_stm32f469xx.o(.text) referenced from startup_stm32f469xx.o(RESET)
 <LI><a href="#[6b]">I2C3_EV_IRQHandler</a> from startup_stm32f469xx.o(.text) referenced from startup_stm32f469xx.o(RESET)
 <LI><a href="#[af]">IdleTaskHook</a> from touchgfxhal.o(i.IdleTaskHook) referenced from freertos.o(i.vApplicationIdleHook)
 <LI><a href="#[7b]">LTDC_ER_IRQHandler</a> from startup_stm32f469xx.o(.text) referenced from startup_stm32f469xx.o(RESET)
 <LI><a href="#[7a]">LTDC_IRQHandler</a> from stm32f4xx_it.o(i.LTDC_IRQHandler) referenced from startup_stm32f469xx.o(RESET)
 <LI><a href="#[1c]">MemManage_Handler</a> from stm32f4xx_it.o(i.MemManage_Handler) referenced from startup_stm32f469xx.o(RESET)
 <LI><a href="#[1a]">NMI_Handler</a> from stm32f4xx_it.o(i.NMI_Handler) referenced from startup_stm32f469xx.o(RESET)
 <LI><a href="#[66]">OTG_FS_IRQHandler</a> from startup_stm32f469xx.o(.text) referenced from startup_stm32f469xx.o(RESET)
 <LI><a href="#[4d]">OTG_FS_WKUP_IRQHandler</a> from startup_stm32f469xx.o(.text) referenced from startup_stm32f469xx.o(RESET)
 <LI><a href="#[6e]">OTG_HS_EP1_IN_IRQHandler</a> from startup_stm32f469xx.o(.text) referenced from startup_stm32f469xx.o(RESET)
 <LI><a href="#[6d]">OTG_HS_EP1_OUT_IRQHandler</a> from startup_stm32f469xx.o(.text) referenced from startup_stm32f469xx.o(RESET)
 <LI><a href="#[70]">OTG_HS_IRQHandler</a> from startup_stm32f469xx.o(.text) referenced from startup_stm32f469xx.o(RESET)
 <LI><a href="#[6f]">OTG_HS_WKUP_IRQHandler</a> from startup_stm32f469xx.o(.text) referenced from startup_stm32f469xx.o(RESET)
 <LI><a href="#[24]">PVD_IRQHandler</a> from startup_stm32f469xx.o(.text) referenced from startup_stm32f469xx.o(RESET)
 <LI><a href="#[21]">PendSV_Handler</a> from port.o(.emb_text) referenced from startup_stm32f469xx.o(RESET)
 <LI><a href="#[7d]">QUADSPI_IRQHandler</a> from startup_stm32f469xx.o(.text) referenced from startup_stm32f469xx.o(RESET)
 <LI><a href="#[28]">RCC_IRQHandler</a> from startup_stm32f469xx.o(.text) referenced from startup_stm32f469xx.o(RESET)
 <LI><a href="#[4c]">RTC_Alarm_IRQHandler</a> from startup_stm32f469xx.o(.text) referenced from startup_stm32f469xx.o(RESET)
 <LI><a href="#[26]">RTC_WKUP_IRQHandler</a> from startup_stm32f469xx.o(.text) referenced from startup_stm32f469xx.o(RESET)
 <LI><a href="#[19]">Reset_Handler</a> from startup_stm32f469xx.o(.text) referenced from startup_stm32f469xx.o(RESET)
 <LI><a href="#[79]">SAI1_IRQHandler</a> from startup_stm32f469xx.o(.text) referenced from startup_stm32f469xx.o(RESET)
 <LI><a href="#[54]">SDIO_IRQHandler</a> from startup_stm32f469xx.o(.text) referenced from startup_stm32f469xx.o(RESET)
 <LI><a href="#[46]">SPI1_IRQHandler</a> from startup_stm32f469xx.o(.text) referenced from startup_stm32f469xx.o(RESET)
 <LI><a href="#[47]">SPI2_IRQHandler</a> from startup_stm32f469xx.o(.text) referenced from startup_stm32f469xx.o(RESET)
 <LI><a href="#[56]">SPI3_IRQHandler</a> from startup_stm32f469xx.o(.text) referenced from startup_stm32f469xx.o(RESET)
 <LI><a href="#[76]">SPI4_IRQHandler</a> from startup_stm32f469xx.o(.text) referenced from startup_stm32f469xx.o(RESET)
 <LI><a href="#[77]">SPI5_IRQHandler</a> from startup_stm32f469xx.o(.text) referenced from startup_stm32f469xx.o(RESET)
 <LI><a href="#[78]">SPI6_IRQHandler</a> from startup_stm32f469xx.o(.text) referenced from startup_stm32f469xx.o(RESET)
 <LI><a href="#[1f]">SVC_Handler</a> from port.o(.emb_text) referenced from startup_stm32f469xx.o(RESET)
 <LI><a href="#[22]">SysTick_Handler</a> from port.o(i.SysTick_Handler) referenced from startup_stm32f469xx.o(RESET)
 <LI><a href="#[80]">SystemInit</a> from system_stm32f4xx.o(i.SystemInit) referenced from startup_stm32f469xx.o(.text)
 <LI><a href="#[25]">TAMP_STAMP_IRQHandler</a> from startup_stm32f469xx.o(.text) referenced from startup_stm32f469xx.o(RESET)
 <LI><a href="#[3b]">TIM1_BRK_TIM9_IRQHandler</a> from startup_stm32f469xx.o(.text) referenced from startup_stm32f469xx.o(RESET)
 <LI><a href="#[3e]">TIM1_CC_IRQHandler</a> from startup_stm32f469xx.o(.text) referenced from startup_stm32f469xx.o(RESET)
 <LI><a href="#[3d]">TIM1_TRG_COM_TIM11_IRQHandler</a> from startup_stm32f469xx.o(.text) referenced from startup_stm32f469xx.o(RESET)
 <LI><a href="#[3c]">TIM1_UP_TIM10_IRQHandler</a> from startup_stm32f469xx.o(.text) referenced from startup_stm32f469xx.o(RESET)
 <LI><a href="#[3f]">TIM2_IRQHandler</a> from startup_stm32f469xx.o(.text) referenced from startup_stm32f469xx.o(RESET)
 <LI><a href="#[40]">TIM3_IRQHandler</a> from startup_stm32f469xx.o(.text) referenced from startup_stm32f469xx.o(RESET)
 <LI><a href="#[41]">TIM4_IRQHandler</a> from startup_stm32f469xx.o(.text) referenced from startup_stm32f469xx.o(RESET)
 <LI><a href="#[55]">TIM5_IRQHandler</a> from startup_stm32f469xx.o(.text) referenced from startup_stm32f469xx.o(RESET)
 <LI><a href="#[59]">TIM6_DAC_IRQHandler</a> from stm32f4xx_it.o(i.TIM6_DAC_IRQHandler) referenced from startup_stm32f469xx.o(RESET)
 <LI><a href="#[5a]">TIM7_IRQHandler</a> from startup_stm32f469xx.o(.text) referenced from startup_stm32f469xx.o(RESET)
 <LI><a href="#[4e]">TIM8_BRK_TIM12_IRQHandler</a> from startup_stm32f469xx.o(.text) referenced from startup_stm32f469xx.o(RESET)
 <LI><a href="#[51]">TIM8_CC_IRQHandler</a> from startup_stm32f469xx.o(.text) referenced from startup_stm32f469xx.o(RESET)
 <LI><a href="#[50]">TIM8_TRG_COM_TIM14_IRQHandler</a> from startup_stm32f469xx.o(.text) referenced from startup_stm32f469xx.o(RESET)
 <LI><a href="#[4f]">TIM8_UP_TIM13_IRQHandler</a> from startup_stm32f469xx.o(.text) referenced from startup_stm32f469xx.o(RESET)
 <LI><a href="#[ac]">TouchGFX_Task</a> from app_touchgfx.o(i.TouchGFX_Task) referenced from main.o(i.main)
 <LI><a href="#[57]">UART4_IRQHandler</a> from startup_stm32f469xx.o(.text) referenced from startup_stm32f469xx.o(RESET)
 <LI><a href="#[58]">UART5_IRQHandler</a> from startup_stm32f469xx.o(.text) referenced from startup_stm32f469xx.o(RESET)
 <LI><a href="#[74]">UART7_IRQHandler</a> from startup_stm32f469xx.o(.text) referenced from startup_stm32f469xx.o(RESET)
 <LI><a href="#[75]">UART8_IRQHandler</a> from startup_stm32f469xx.o(.text) referenced from startup_stm32f469xx.o(RESET)
 <LI><a href="#[48]">USART1_IRQHandler</a> from startup_stm32f469xx.o(.text) referenced from startup_stm32f469xx.o(RESET)
 <LI><a href="#[49]">USART2_IRQHandler</a> from startup_stm32f469xx.o(.text) referenced from startup_stm32f469xx.o(RESET)
 <LI><a href="#[4a]">USART3_IRQHandler</a> from startup_stm32f469xx.o(.text) referenced from startup_stm32f469xx.o(RESET)
 <LI><a href="#[6a]">USART6_IRQHandler</a> from startup_stm32f469xx.o(.text) referenced from startup_stm32f469xx.o(RESET)
 <LI><a href="#[1e]">UsageFault_Handler</a> from stm32f4xx_it.o(i.UsageFault_Handler) referenced from startup_stm32f469xx.o(RESET)
 <LI><a href="#[23]">WWDG_IRQHandler</a> from startup_stm32f469xx.o(.text) referenced from startup_stm32f469xx.o(RESET)
 <LI><a href="#[83]">DMA2D_XferCpltCallback(__DMA2D_HandleTypeDef*)</a> from stm32dma.o(i._Z22DMA2D_XferCpltCallbackP21__DMA2D_HandleTypeDef) referenced from stm32dma.o(i._ZN10STM32F4DMA10initializeEv)
 <LI><a href="#[b6]">STM32F4DMA::initialize()</a> from stm32dma.o(i._ZN10STM32F4DMA10initializeEv) referenced from stm32dma.o(.constdata__ZTV10STM32F4DMA)
 <LI><a href="#[b3]">STM32F4DMA::getBlitCaps()</a> from stm32dma.o(i._ZN10STM32F4DMA11getBlitCapsEv) referenced from stm32dma.o(.constdata__ZTV10STM32F4DMA)
 <LI><a href="#[bc]">STM32F4DMA::setupDataCopy(const touchgfx::BlitOp&)</a> from stm32dma.o(i._ZN10STM32F4DMA13setupDataCopyERKN8touchgfx6BlitOpE) referenced from stm32dma.o(.constdata__ZTV10STM32F4DMA)
 <LI><a href="#[bd]">STM32F4DMA::setupDataFill(const touchgfx::BlitOp&)</a> from stm32dma.o(i._ZN10STM32F4DMA13setupDataFillERKN8touchgfx6BlitOpE) referenced from stm32dma.o(.constdata__ZTV10STM32F4DMA)
 <LI><a href="#[b8]">STM32F4DMA::signalDMAInterrupt()</a> from stm32dma.o(i._ZN10STM32F4DMA18signalDMAInterruptEv) referenced from stm32dma.o(.constdata__ZTV10STM32F4DMA)
 <LI><a href="#[a7]">STM32F4DMA::~STM32F4DMA()</a> from stm32dma.o(i._ZN10STM32F4DMAD1Ev) referenced from stm32dma.o(.constdata__ZTV10STM32F4DMA)
 <LI><a href="#[a7]">STM32F4DMA::~STM32F4DMA()</a> from stm32dma.o(i._ZN10STM32F4DMAD1Ev) referenced from touchgfxconfiguration.o(i.__sti___25_TouchGFXConfiguration_cpp_f5abfd34)
 <LI><a href="#[c3]">Screen1View::setupScreen()</a> from screen1view.o(i._ZN11Screen1View11setupScreenEv) referenced from screen1view.o(.constdata__ZTV11Screen1View)
 <LI><a href="#[c5]">Screen1View::tearDownScreen()</a> from screen1view.o(i._ZN11Screen1View14tearDownScreenEv) referenced from screen1view.o(.constdata__ZTV11Screen1View)
 <LI><a href="#[c1]">Screen1View::~Screen1View()</a> from screen1view.o(i._ZN11Screen1ViewD1Ev) referenced from screen1view.o(.constdata__ZTV11Screen1View)
 <LI><a href="#[e1]">TouchGFXHAL::beginFrame()</a> from touchgfxhal.o(i._ZN11TouchGFXHAL10beginFrameEv) referenced from touchgfxhal.o(.constdata__ZTV11TouchGFXHAL)
 <LI><a href="#[d9]">TouchGFXHAL::enableInterrupts()</a> from touchgfxhal.o(i._ZN11TouchGFXHAL16enableInterruptsEv) referenced from touchgfxhal.o(.constdata__ZTV11TouchGFXHAL)
 <LI><a href="#[cd]">TouchGFXHAL::flushFrameBuffer(const touchgfx::Rect&)</a> from touchgfxhal.o(i._ZN11TouchGFXHAL16flushFrameBufferERKN8touchgfx4RectE) referenced from touchgfxhal.o(.constdata__ZTV11TouchGFXHAL)
 <LI><a href="#[da]">TouchGFXHAL::disableInterrupts()</a> from touchgfxhal.o(i._ZN11TouchGFXHAL17disableInterruptsEv) referenced from touchgfxhal.o(.constdata__ZTV11TouchGFXHAL)
 <LI><a href="#[e3]">TouchGFXHAL::setTFTFrameBuffer(unsigned short*)</a> from touchgfxhal.o(i._ZN11TouchGFXHAL17setTFTFrameBufferEPt) referenced from touchgfxhal.o(.constdata__ZTV11TouchGFXHAL)
 <LI><a href="#[d8]">TouchGFXHAL::configureInterrupts()</a> from touchgfxhal.o(i._ZN11TouchGFXHAL19configureInterruptsEv) referenced from touchgfxhal.o(.constdata__ZTV11TouchGFXHAL)
 <LI><a href="#[db]">TouchGFXHAL::enableLCDControllerInterrupt()</a> from touchgfxhal.o(i._ZN11TouchGFXHAL28enableLCDControllerInterruptEv) referenced from touchgfxhal.o(.constdata__ZTV11TouchGFXHAL)
 <LI><a href="#[dc]">TouchGFXHAL::setFrameBufferStartAddresses(void*, void*, void*)</a> from touchgfxhal.o(i._ZN11TouchGFXHAL28setFrameBufferStartAddressesEPvS0_S0_) referenced from touchgfxhal.o(.constdata__ZTV11TouchGFXHAL)
 <LI><a href="#[e2]">TouchGFXHAL::endFrame()</a> from touchgfxhal.o(i._ZN11TouchGFXHAL8endFrameEv) referenced from touchgfxhal.o(.constdata__ZTV11TouchGFXHAL)
 <LI><a href="#[cc]">TouchGFXHAL::taskEntry()</a> from touchgfxhal.o(i._ZN11TouchGFXHAL9taskEntryEv) referenced from touchgfxhal.o(.constdata__ZTV11TouchGFXHAL)
 <LI><a href="#[aa]">TouchGFXHAL::~TouchGFXHAL()</a> from touchgfxhal.o(i._ZN11TouchGFXHALD1Ev) referenced from touchgfxhal.o(.constdata__ZTV11TouchGFXHAL)
 <LI><a href="#[aa]">TouchGFXHAL::~TouchGFXHAL()</a> from touchgfxhal.o(i._ZN11TouchGFXHALD1Ev) referenced from touchgfxconfiguration.o(i.__sti___25_TouchGFXConfiguration_cpp_f5abfd34)
 <LI><a href="#[ae]">FrontendHeap::~FrontendHeap()</a> from touchgfxconfiguration.o(i._ZN12FrontendHeapD1Ev) referenced from touchgfxconfiguration.o(.constdata__ZTV12FrontendHeap)
 <LI><a href="#[ae]">FrontendHeap::~FrontendHeap()</a> from touchgfxconfiguration.o(i._ZN12FrontendHeapD1Ev) referenced from touchgfxconfiguration.o(i.touchgfx_init)
 <LI><a href="#[e8]">Screen1ViewBase::setupScreen()</a> from screen1viewbase.o(i._ZN15Screen1ViewBase11setupScreenEv) referenced from screen1viewbase.o(.constdata__ZTV15Screen1ViewBase)
 <LI><a href="#[e7]">Screen1ViewBase::~Screen1ViewBase()</a> from screen1viewbase.o(i._ZN15Screen1ViewBaseD1Ev) referenced from screen1viewbase.o(.constdata__ZTV15Screen1ViewBase)
 <LI><a href="#[eb]">Screen1Presenter::deactivate()</a> from screen1presenter.o(i._ZN16Screen1Presenter10deactivateEv) referenced from screen1presenter.o(.constdata__ZTV16Screen1Presenter)
 <LI><a href="#[ea]">Screen1Presenter::activate()</a> from screen1presenter.o(i._ZN16Screen1Presenter8activateEv) referenced from screen1presenter.o(.constdata__ZTV16Screen1Presenter)
 <LI><a href="#[ec]">Screen1Presenter::~Screen1Presenter()</a> from screen1presenter.o(i._ZN16Screen1PresenterD1Ev) referenced from screen1presenter.o(.constdata__ZTV16Screen1Presenter)
 <LI><a href="#[f1]">FrontendApplication::handleTickEvent()</a> from frontendapplication.o(i._ZN19FrontendApplication15handleTickEventEv) referenced from frontendapplication.o(.constdata__ZTV19FrontendApplication)
 <LI><a href="#[f7]">STM32TouchController::sampleTouch(int&, int&)</a> from stm32touchcontroller.o(i._ZN20STM32TouchController11sampleTouchERiS0_) referenced from stm32touchcontroller.o(.constdata__ZTV20STM32TouchController)
 <LI><a href="#[f6]">STM32TouchController::init()</a> from stm32touchcontroller.o(i._ZN20STM32TouchController4initEv) referenced from stm32touchcontroller.o(.constdata__ZTV20STM32TouchController)
 <LI><a href="#[a6]">STM32TouchController::~STM32TouchController()</a> from stm32touchcontroller.o(i._ZN20STM32TouchControllerD1Ev) referenced from stm32touchcontroller.o(.constdata__ZTV20STM32TouchController)
 <LI><a href="#[a6]">STM32TouchController::~STM32TouchController()</a> from stm32touchcontroller.o(i._ZN20STM32TouchControllerD1Ev) referenced from touchgfxconfiguration.o(i.__sti___25_TouchGFXConfiguration_cpp_f5abfd34)
 <LI><a href="#[a9]">ApplicationFontProvider::~ApplicationFontProvider()</a> from touchgfxconfiguration.o(i._ZN23ApplicationFontProviderD1Ev) referenced from applicationfontprovider.o(.constdata__ZTV23ApplicationFontProvider)
 <LI><a href="#[a9]">ApplicationFontProvider::~ApplicationFontProvider()</a> from touchgfxconfiguration.o(i._ZN23ApplicationFontProviderD1Ev) referenced from touchgfxconfiguration.o(i.__sti___25_TouchGFXConfiguration_cpp_f5abfd34)
 <LI><a href="#[b2]">FrontendApplicationBase::gotoScreen1ScreenNoTransitionImpl()</a> from frontendapplicationbase.o(i._ZN23FrontendApplicationBase33gotoScreen1ScreenNoTransitionImplEv) referenced from frontendapplicationbase.o(.constdata)
 <LI><a href="#[f9]">FrontendApplicationBase::~FrontendApplicationBase()</a> from touchgfxconfiguration.o(i._ZN23FrontendApplicationBaseD1Ev) referenced from touchgfxconfiguration.o(.constdata__ZTV23FrontendApplicationBase)
 <LI><a href="#[fa]">touchgfx::KeySampler::init()</a> from keysampler.o(i._ZN8touchgfx10KeySampler4initEv) referenced from keysampler.o(.constdata__ZTVN8touchgfx10KeySamplerE)
 <LI><a href="#[fb]">touchgfx::KeySampler::sample(unsigned char&)</a> from keysampler.o(i._ZN8touchgfx10KeySampler6sampleERh) referenced from keysampler.o(.constdata__ZTVN8touchgfx10KeySamplerE)
 <LI><a href="#[a5]">touchgfx::KeySampler::~KeySampler()</a> from keysampler.o(i._ZN8touchgfx10KeySamplerD1Ev) referenced from keysampler.o(.constdata__ZTVN8touchgfx10KeySamplerE)
 <LI><a href="#[a5]">touchgfx::KeySampler::~KeySampler()</a> from keysampler.o(i._ZN8touchgfx10KeySamplerD1Ev) referenced from touchgfxhal.o(i.__sti___15_TouchGFXHAL_cpp_c3b64dc6)
 <LI><a href="#[101]">touchgfx::Transition::invalidate()</a> from frontendapplicationbase.o(i._ZN8touchgfx10Transition10invalidateEv) referenced from frontendapplicationbase.o(.constdata__ZTVN8touchgfx12NoTransitionE)
 <LI><a href="#[102]">touchgfx::Transition::setScreenContainer(touchgfx::Container&)</a> from frontendapplicationbase.o(i._ZN8touchgfx10Transition18setScreenContainerERNS_9ContainerE) referenced from frontendapplicationbase.o(.constdata__ZTVN8touchgfx12NoTransitionE)
 <LI><a href="#[100]">touchgfx::Transition::init()</a> from frontendapplicationbase.o(i._ZN8touchgfx10Transition4initEv) referenced from frontendapplicationbase.o(.constdata__ZTVN8touchgfx12NoTransitionE)
 <LI><a href="#[ff]">touchgfx::Transition::tearDown()</a> from frontendapplicationbase.o(i._ZN8touchgfx10Transition8tearDownEv) referenced from frontendapplicationbase.o(.constdata__ZTVN8touchgfx12NoTransitionE)
 <LI><a href="#[f0]">touchgfx::Application::handleKeyEvent(unsigned char)</a> from application.o(i._ZN8touchgfx11Application14handleKeyEventEh) referenced from frontendapplication.o(.constdata__ZTV19FrontendApplication)
 <LI><a href="#[f0]">touchgfx::Application::handleKeyEvent(unsigned char)</a> from application.o(i._ZN8touchgfx11Application14handleKeyEventEh) referenced from touchgfxconfiguration.o(.constdata__ZTV23FrontendApplicationBase)
 <LI><a href="#[f0]">touchgfx::Application::handleKeyEvent(unsigned char)</a> from application.o(i._ZN8touchgfx11Application14handleKeyEventEh) referenced from application.o(.constdata__ZTVN8touchgfx11ApplicationE)
 <LI><a href="#[f0]">touchgfx::Application::handleKeyEvent(unsigned char)</a> from application.o(i._ZN8touchgfx11Application14handleKeyEventEh) referenced from frontendapplicationbase.o(.constdata__ZTVN8touchgfx14MVPApplicationE)
 <LI><a href="#[ee]">touchgfx::Application::handleDragEvent(const touchgfx::DragEvent&)</a> from application.o(i._ZN8touchgfx11Application15handleDragEventERKNS_9DragEventE) referenced from frontendapplication.o(.constdata__ZTV19FrontendApplication)
 <LI><a href="#[ee]">touchgfx::Application::handleDragEvent(const touchgfx::DragEvent&)</a> from application.o(i._ZN8touchgfx11Application15handleDragEventERKNS_9DragEventE) referenced from touchgfxconfiguration.o(.constdata__ZTV23FrontendApplicationBase)
 <LI><a href="#[ee]">touchgfx::Application::handleDragEvent(const touchgfx::DragEvent&)</a> from application.o(i._ZN8touchgfx11Application15handleDragEventERKNS_9DragEventE) referenced from application.o(.constdata__ZTVN8touchgfx11ApplicationE)
 <LI><a href="#[ee]">touchgfx::Application::handleDragEvent(const touchgfx::DragEvent&)</a> from application.o(i._ZN8touchgfx11Application15handleDragEventERKNS_9DragEventE) referenced from frontendapplicationbase.o(.constdata__ZTVN8touchgfx14MVPApplicationE)
 <LI><a href="#[f8]">touchgfx::Application::handleTickEvent()</a> from application.o(i._ZN8touchgfx11Application15handleTickEventEv) referenced from touchgfxconfiguration.o(.constdata__ZTV23FrontendApplicationBase)
 <LI><a href="#[f8]">touchgfx::Application::handleTickEvent()</a> from application.o(i._ZN8touchgfx11Application15handleTickEventEv) referenced from application.o(.constdata__ZTVN8touchgfx11ApplicationE)
 <LI><a href="#[f8]">touchgfx::Application::handleTickEvent()</a> from application.o(i._ZN8touchgfx11Application15handleTickEventEv) referenced from frontendapplicationbase.o(.constdata__ZTVN8touchgfx14MVPApplicationE)
 <LI><a href="#[ed]">touchgfx::Application::handleClickEvent(const touchgfx::ClickEvent&)</a> from application.o(i._ZN8touchgfx11Application16handleClickEventERKNS_10ClickEventE) referenced from frontendapplication.o(.constdata__ZTV19FrontendApplication)
 <LI><a href="#[ed]">touchgfx::Application::handleClickEvent(const touchgfx::ClickEvent&)</a> from application.o(i._ZN8touchgfx11Application16handleClickEventERKNS_10ClickEventE) referenced from touchgfxconfiguration.o(.constdata__ZTV23FrontendApplicationBase)
 <LI><a href="#[ed]">touchgfx::Application::handleClickEvent(const touchgfx::ClickEvent&)</a> from application.o(i._ZN8touchgfx11Application16handleClickEventERKNS_10ClickEventE) referenced from application.o(.constdata__ZTVN8touchgfx11ApplicationE)
 <LI><a href="#[ed]">touchgfx::Application::handleClickEvent(const touchgfx::ClickEvent&)</a> from application.o(i._ZN8touchgfx11Application16handleClickEventERKNS_10ClickEventE) referenced from frontendapplicationbase.o(.constdata__ZTVN8touchgfx14MVPApplicationE)
 <LI><a href="#[ef]">touchgfx::Application::handleGestureEvent(const touchgfx::GestureEvent&)</a> from application.o(i._ZN8touchgfx11Application18handleGestureEventERKNS_12GestureEventE) referenced from frontendapplication.o(.constdata__ZTV19FrontendApplication)
 <LI><a href="#[ef]">touchgfx::Application::handleGestureEvent(const touchgfx::GestureEvent&)</a> from application.o(i._ZN8touchgfx11Application18handleGestureEventERKNS_12GestureEventE) referenced from touchgfxconfiguration.o(.constdata__ZTV23FrontendApplicationBase)
 <LI><a href="#[ef]">touchgfx::Application::handleGestureEvent(const touchgfx::GestureEvent&)</a> from application.o(i._ZN8touchgfx11Application18handleGestureEventERKNS_12GestureEventE) referenced from application.o(.constdata__ZTVN8touchgfx11ApplicationE)
 <LI><a href="#[ef]">touchgfx::Application::handleGestureEvent(const touchgfx::GestureEvent&)</a> from application.o(i._ZN8touchgfx11Application18handleGestureEventERKNS_12GestureEventE) referenced from frontendapplicationbase.o(.constdata__ZTVN8touchgfx14MVPApplicationE)
 <LI><a href="#[f5]">touchgfx::Application::cacheDrawOperations(bool)</a> from application.o(i._ZN8touchgfx11Application19cacheDrawOperationsEb) referenced from frontendapplication.o(.constdata__ZTV19FrontendApplication)
 <LI><a href="#[f5]">touchgfx::Application::cacheDrawOperations(bool)</a> from application.o(i._ZN8touchgfx11Application19cacheDrawOperationsEb) referenced from touchgfxconfiguration.o(.constdata__ZTV23FrontendApplicationBase)
 <LI><a href="#[f5]">touchgfx::Application::cacheDrawOperations(bool)</a> from application.o(i._ZN8touchgfx11Application19cacheDrawOperationsEb) referenced from application.o(.constdata__ZTVN8touchgfx11ApplicationE)
 <LI><a href="#[f5]">touchgfx::Application::cacheDrawOperations(bool)</a> from application.o(i._ZN8touchgfx11Application19cacheDrawOperationsEb) referenced from frontendapplicationbase.o(.constdata__ZTVN8touchgfx14MVPApplicationE)
 <LI><a href="#[fc]">touchgfx::Application::handlePendingScreenTransition()</a> from application.o(i._ZN8touchgfx11Application29handlePendingScreenTransitionEv) referenced from application.o(.constdata__ZTVN8touchgfx11ApplicationE)
 <LI><a href="#[f4]">touchgfx::Application::draw(touchgfx::Rect&)</a> from application.o(i._ZN8touchgfx11Application4drawERNS_4RectE) referenced from frontendapplication.o(.constdata__ZTV19FrontendApplication)
 <LI><a href="#[f4]">touchgfx::Application::draw(touchgfx::Rect&)</a> from application.o(i._ZN8touchgfx11Application4drawERNS_4RectE) referenced from touchgfxconfiguration.o(.constdata__ZTV23FrontendApplicationBase)
 <LI><a href="#[f4]">touchgfx::Application::draw(touchgfx::Rect&)</a> from application.o(i._ZN8touchgfx11Application4drawERNS_4RectE) referenced from application.o(.constdata__ZTVN8touchgfx11ApplicationE)
 <LI><a href="#[f4]">touchgfx::Application::draw(touchgfx::Rect&)</a> from application.o(i._ZN8touchgfx11Application4drawERNS_4RectE) referenced from frontendapplicationbase.o(.constdata__ZTVN8touchgfx14MVPApplicationE)
 <LI><a href="#[f3]">touchgfx::Application::draw()</a> from application.o(i._ZN8touchgfx11Application4drawEv) referenced from frontendapplication.o(.constdata__ZTV19FrontendApplication)
 <LI><a href="#[f3]">touchgfx::Application::draw()</a> from application.o(i._ZN8touchgfx11Application4drawEv) referenced from touchgfxconfiguration.o(.constdata__ZTV23FrontendApplicationBase)
 <LI><a href="#[f3]">touchgfx::Application::draw()</a> from application.o(i._ZN8touchgfx11Application4drawEv) referenced from application.o(.constdata__ZTVN8touchgfx11ApplicationE)
 <LI><a href="#[f3]">touchgfx::Application::draw()</a> from application.o(i._ZN8touchgfx11Application4drawEv) referenced from frontendapplicationbase.o(.constdata__ZTVN8touchgfx14MVPApplicationE)
 <LI><a href="#[fe]">touchgfx::NoTransition::handleTickEvent()</a> from frontendapplicationbase.o(i._ZN8touchgfx12NoTransition15handleTickEventEv) referenced from frontendapplicationbase.o(.constdata__ZTVN8touchgfx12NoTransitionE)
 <LI><a href="#[fd]">touchgfx::NoTransition::~NoTransition()</a> from frontendapplicationbase.o(i._ZN8touchgfx12NoTransitionD1Ev) referenced from frontendapplicationbase.o(.constdata__ZTVN8touchgfx12NoTransitionE)
 <LI><a href="#[b4]">touchgfx::DMA_Interface::addToQueue(const touchgfx::BlitOp&)</a> from dma.o(i._ZN8touchgfx13DMA_Interface10addToQueueERKNS_6BlitOpE) referenced from stm32dma.o(.constdata__ZTV10STM32F4DMA)
 <LI><a href="#[be]">touchgfx::DMA_Interface::enableAlpha(unsigned char)</a> from dma.o(i._ZN8touchgfx13DMA_Interface11enableAlphaEh) referenced from stm32dma.o(.constdata__ZTV10STM32F4DMA)
 <LI><a href="#[bf]">touchgfx::DMA_Interface::disableAlpha()</a> from dma.o(i._ZN8touchgfx13DMA_Interface12disableAlphaEv) referenced from stm32dma.o(.constdata__ZTV10STM32F4DMA)
 <LI><a href="#[bb]">touchgfx::DMA_Interface::seedExecution()</a> from dma.o(i._ZN8touchgfx13DMA_Interface13seedExecutionEv) referenced from stm32dma.o(.constdata__ZTV10STM32F4DMA)
 <LI><a href="#[ba]">touchgfx::DMA_Interface::executeCompleted()</a> from dma.o(i._ZN8touchgfx13DMA_Interface16executeCompletedEv) referenced from stm32dma.o(.constdata__ZTV10STM32F4DMA)
 <LI><a href="#[c0]">touchgfx::DMA_Interface::waitForFrameBufferSemaphore()</a> from dma.o(i._ZN8touchgfx13DMA_Interface27waitForFrameBufferSemaphoreEv) referenced from stm32dma.o(.constdata__ZTV10STM32F4DMA)
 <LI><a href="#[b5]">touchgfx::DMA_Interface::flush()</a> from dma.o(i._ZN8touchgfx13DMA_Interface5flushEv) referenced from stm32dma.o(.constdata__ZTV10STM32F4DMA)
 <LI><a href="#[b7]">touchgfx::DMA_Interface::start()</a> from dma.o(i._ZN8touchgfx13DMA_Interface5startEv) referenced from stm32dma.o(.constdata__ZTV10STM32F4DMA)
 <LI><a href="#[b9]">touchgfx::DMA_Interface::execute()</a> from dma.o(i._ZN8touchgfx13DMA_Interface7executeEv) referenced from stm32dma.o(.constdata__ZTV10STM32F4DMA)
 <LI><a href="#[82]">touchgfx::GeneratedFont::~GeneratedFont()</a> from generatedfont.o(i._ZN8touchgfx13GeneratedFontD1Ev) referenced from generatedfont.o(.constdata__ZTVN8touchgfx13GeneratedFontE)
 <LI><a href="#[82]">touchgfx::GeneratedFont::~GeneratedFont()</a> from generatedfont.o(i._ZN8touchgfx13GeneratedFontD1Ev) referenced from table_verdana_10_4bpp.o(i._Z23getFont_verdana_10_4bppv)
 <LI><a href="#[82]">touchgfx::GeneratedFont::~GeneratedFont()</a> from generatedfont.o(i._ZN8touchgfx13GeneratedFontD1Ev) referenced from table_verdana_20_4bpp.o(i._Z23getFont_verdana_20_4bppv)
 <LI><a href="#[82]">touchgfx::GeneratedFont::~GeneratedFont()</a> from generatedfont.o(i._ZN8touchgfx13GeneratedFontD1Ev) referenced from table_verdana_40_4bpp.o(i._Z23getFont_verdana_40_4bppv)
 <LI><a href="#[f2]">touchgfx::MVPApplication::handlePendingScreenTransition()</a> from touchgfxconfiguration.o(i._ZN8touchgfx14MVPApplication29handlePendingScreenTransitionEv) referenced from frontendapplication.o(.constdata__ZTV19FrontendApplication)
 <LI><a href="#[f2]">touchgfx::MVPApplication::handlePendingScreenTransition()</a> from touchgfxconfiguration.o(i._ZN8touchgfx14MVPApplication29handlePendingScreenTransitionEv) referenced from touchgfxconfiguration.o(.constdata__ZTV23FrontendApplicationBase)
 <LI><a href="#[f2]">touchgfx::MVPApplication::handlePendingScreenTransition()</a> from touchgfxconfiguration.o(i._ZN8touchgfx14MVPApplication29handlePendingScreenTransitionEv) referenced from frontendapplicationbase.o(.constdata__ZTVN8touchgfx14MVPApplicationE)
 <LI><a href="#[103]">touchgfx::AbstractPartition::~AbstractPartition__sub_object()</a> from abstractpartition.o(i._ZN8touchgfx17AbstractPartitionD2Ev) referenced from abstractpartition.o(.constdata__ZTVN8touchgfx17AbstractPartitionE)
 <LI><a href="#[107]">touchgfx::LockFreeDMA_Queue::pushCopyOf(const touchgfx::BlitOp&)</a> from dma.o(i._ZN8touchgfx17LockFreeDMA_Queue10pushCopyOfERKNS_6BlitOpE) referenced from dma.o(.constdata__ZTVN8touchgfx17LockFreeDMA_QueueE)
 <LI><a href="#[108]">touchgfx::LockFreeDMA_Queue::pop()</a> from dma.o(i._ZN8touchgfx17LockFreeDMA_Queue3popEv) referenced from dma.o(.constdata__ZTVN8touchgfx17LockFreeDMA_QueueE)
 <LI><a href="#[109]">touchgfx::LockFreeDMA_Queue::first()</a> from dma.o(i._ZN8touchgfx17LockFreeDMA_Queue5firstEv) referenced from dma.o(.constdata__ZTVN8touchgfx17LockFreeDMA_QueueE)
 <LI><a href="#[106]">touchgfx::LockFreeDMA_Queue::isFull()</a> from dma.o(i._ZN8touchgfx17LockFreeDMA_Queue6isFullEv) referenced from dma.o(.constdata__ZTVN8touchgfx17LockFreeDMA_QueueE)
 <LI><a href="#[105]">touchgfx::LockFreeDMA_Queue::isEmpty()</a> from dma.o(i._ZN8touchgfx17LockFreeDMA_Queue7isEmptyEv) referenced from dma.o(.constdata__ZTVN8touchgfx17LockFreeDMA_QueueE)
 <LI><a href="#[10d]">touchgfx::MCUInstrumentation::getCCConsumed()</a> from cortexmmcuinstrumentation.o(i._ZN8touchgfx18MCUInstrumentation13getCCConsumedEv) referenced from cortexmmcuinstrumentation.o(.constdata__ZTVN8touchgfx25CortexMMCUInstrumentationE)
 <LI><a href="#[10e]">touchgfx::MCUInstrumentation::setCCConsumed(unsigned)</a> from cortexmmcuinstrumentation.o(i._ZN8touchgfx18MCUInstrumentation13setCCConsumedEj) referenced from cortexmmcuinstrumentation.o(.constdata__ZTVN8touchgfx25CortexMMCUInstrumentationE)
 <LI><a href="#[10b]">touchgfx::CortexMMCUInstrumentation::getCPUCycles()</a> from cortexmmcuinstrumentation.o(i._ZN8touchgfx25CortexMMCUInstrumentation12getCPUCyclesEv) referenced from cortexmmcuinstrumentation.o(.constdata__ZTVN8touchgfx25CortexMMCUInstrumentationE)
 <LI><a href="#[10c]">touchgfx::CortexMMCUInstrumentation::setMCUActive(bool)</a> from cortexmmcuinstrumentation.o(i._ZN8touchgfx25CortexMMCUInstrumentation12setMCUActiveEb) referenced from cortexmmcuinstrumentation.o(.constdata__ZTVN8touchgfx25CortexMMCUInstrumentationE)
 <LI><a href="#[10a]">touchgfx::CortexMMCUInstrumentation::init()</a> from cortexmmcuinstrumentation.o(i._ZN8touchgfx25CortexMMCUInstrumentation4initEv) referenced from cortexmmcuinstrumentation.o(.constdata__ZTVN8touchgfx25CortexMMCUInstrumentationE)
 <LI><a href="#[a4]">touchgfx::CortexMMCUInstrumentation::~CortexMMCUInstrumentation()</a> from cortexmmcuinstrumentation.o(i._ZN8touchgfx25CortexMMCUInstrumentationD1Ev) referenced from cortexmmcuinstrumentation.o(.constdata__ZTVN8touchgfx25CortexMMCUInstrumentationE)
 <LI><a href="#[a4]">touchgfx::CortexMMCUInstrumentation::~CortexMMCUInstrumentation()</a> from cortexmmcuinstrumentation.o(i._ZN8touchgfx25CortexMMCUInstrumentationD1Ev) referenced from touchgfxhal.o(i.__sti___15_TouchGFXHAL_cpp_c3b64dc6)
 <LI><a href="#[11f]">touchgfx::HAL::beginFrame()</a> from hal.o(i._ZN8touchgfx3HAL10beginFrameEv) referenced from hal.o(.constdata__ZTVN8touchgfx3HALE)
 <LI><a href="#[d3]">touchgfx::HAL::getBlitCaps()</a> from hal.o(i._ZN8touchgfx3HAL11getBlitCapsEv) referenced from touchgfxhal.o(.constdata__ZTV11TouchGFXHAL)
 <LI><a href="#[d3]">touchgfx::HAL::getBlitCaps()</a> from hal.o(i._ZN8touchgfx3HAL11getBlitCapsEv) referenced from hal.o(.constdata__ZTVN8touchgfx3HALE)
 <LI><a href="#[d7]">touchgfx::HAL::backPorchExited()</a> from hal.o(i._ZN8touchgfx3HAL15backPorchExitedEv) referenced from touchgfxhal.o(.constdata__ZTV11TouchGFXHAL)
 <LI><a href="#[d7]">touchgfx::HAL::backPorchExited()</a> from hal.o(i._ZN8touchgfx3HAL15backPorchExitedEv) referenced from hal.o(.constdata__ZTVN8touchgfx3HALE)
 <LI><a href="#[d0]">touchgfx::HAL::lockFrameBuffer()</a> from hal.o(i._ZN8touchgfx3HAL15lockFrameBufferEv) referenced from touchgfxhal.o(.constdata__ZTV11TouchGFXHAL)
 <LI><a href="#[d0]">touchgfx::HAL::lockFrameBuffer()</a> from hal.o(i._ZN8touchgfx3HAL15lockFrameBufferEv) referenced from hal.o(.constdata__ZTVN8touchgfx3HALE)
 <LI><a href="#[11d]">touchgfx::HAL::flushFrameBuffer(const touchgfx::Rect&)</a> from hal.o(i._ZN8touchgfx3HAL16flushFrameBufferERKNS_4RectE) referenced from hal.o(.constdata__ZTVN8touchgfx3HALE)
 <LI><a href="#[ce]">touchgfx::HAL::allowDMATransfers()</a> from hal.o(i._ZN8touchgfx3HAL17allowDMATransfersEv) referenced from touchgfxhal.o(.constdata__ZTV11TouchGFXHAL)
 <LI><a href="#[ce]">touchgfx::HAL::allowDMATransfers()</a> from hal.o(i._ZN8touchgfx3HAL17allowDMATransfersEv) referenced from hal.o(.constdata__ZTVN8touchgfx3HALE)
 <LI><a href="#[df]">touchgfx::HAL::getTFTCurrentLine()</a> from hal.o(i._ZN8touchgfx3HAL17getTFTCurrentLineEv) referenced from touchgfxhal.o(.constdata__ZTV11TouchGFXHAL)
 <LI><a href="#[df]">touchgfx::HAL::getTFTCurrentLine()</a> from hal.o(i._ZN8touchgfx3HAL17getTFTCurrentLineEv) referenced from hal.o(.constdata__ZTVN8touchgfx3HALE)
 <LI><a href="#[d1]">touchgfx::HAL::unlockFrameBuffer()</a> from hal.o(i._ZN8touchgfx3HAL17unlockFrameBufferEv) referenced from touchgfxhal.o(.constdata__ZTV11TouchGFXHAL)
 <LI><a href="#[d1]">touchgfx::HAL::unlockFrameBuffer()</a> from hal.o(i._ZN8touchgfx3HAL17unlockFrameBufferEv) referenced from hal.o(.constdata__ZTVN8touchgfx3HALE)
 <LI><a href="#[d6]">touchgfx::HAL::registerEventListener(touchgfx::UIEventListener&)</a> from hal.o(i._ZN8touchgfx3HAL21registerEventListenerERNS_15UIEventListenerE) referenced from touchgfxhal.o(.constdata__ZTV11TouchGFXHAL)
 <LI><a href="#[d6]">touchgfx::HAL::registerEventListener(touchgfx::UIEventListener&)</a> from hal.o(i._ZN8touchgfx3HAL21registerEventListenerERNS_15UIEventListenerE) referenced from hal.o(.constdata__ZTVN8touchgfx3HALE)
 <LI><a href="#[cb]">touchgfx::HAL::setDisplayOrientation(touchgfx::DisplayOrientation)</a> from hal.o(i._ZN8touchgfx3HAL21setDisplayOrientationENS_18DisplayOrientationE) referenced from touchgfxhal.o(.constdata__ZTV11TouchGFXHAL)
 <LI><a href="#[cb]">touchgfx::HAL::setDisplayOrientation(touchgfx::DisplayOrientation)</a> from hal.o(i._ZN8touchgfx3HAL21setDisplayOrientationENS_18DisplayOrientationE) referenced from hal.o(.constdata__ZTVN8touchgfx3HALE)
 <LI><a href="#[dd]">touchgfx::HAL::configurePartialFrameBuffer(unsigned short, unsigned short, unsigned short, unsigned short)</a> from hal.o(i._ZN8touchgfx3HAL27configurePartialFrameBufferEtttt) referenced from touchgfxhal.o(.constdata__ZTV11TouchGFXHAL)
 <LI><a href="#[dd]">touchgfx::HAL::configurePartialFrameBuffer(unsigned short, unsigned short, unsigned short, unsigned short)</a> from hal.o(i._ZN8touchgfx3HAL27configurePartialFrameBufferEtttt) referenced from hal.o(.constdata__ZTVN8touchgfx3HALE)
 <LI><a href="#[11e]">touchgfx::HAL::setFrameBufferStartAddresses(void*, void*, void*)</a> from hal.o(i._ZN8touchgfx3HAL28setFrameBufferStartAddressesEPvS1_S1_) referenced from hal.o(.constdata__ZTVN8touchgfx3HALE)
 <LI><a href="#[e6]">touchgfx::HAL::performDisplayOrientationChange()</a> from hal.o(i._ZN8touchgfx3HAL31performDisplayOrientationChangeEv) referenced from touchgfxhal.o(.constdata__ZTV11TouchGFXHAL)
 <LI><a href="#[e6]">touchgfx::HAL::performDisplayOrientationChange()</a> from hal.o(i._ZN8touchgfx3HAL31performDisplayOrientationChangeEv) referenced from hal.o(.constdata__ZTVN8touchgfx3HALE)
 <LI><a href="#[e0]">touchgfx::HAL::tick()</a> from hal.o(i._ZN8touchgfx3HAL4tickEv) referenced from touchgfxhal.o(.constdata__ZTV11TouchGFXHAL)
 <LI><a href="#[e0]">touchgfx::HAL::tick()</a> from hal.o(i._ZN8touchgfx3HAL4tickEv) referenced from hal.o(.constdata__ZTVN8touchgfx3HALE)
 <LI><a href="#[e4]">touchgfx::HAL::touch(int, int)</a> from hal.o(i._ZN8touchgfx3HAL5touchEii) referenced from touchgfxhal.o(.constdata__ZTV11TouchGFXHAL)
 <LI><a href="#[e4]">touchgfx::HAL::touch(int, int)</a> from hal.o(i._ZN8touchgfx3HAL5touchEii) referenced from hal.o(.constdata__ZTVN8touchgfx3HALE)
 <LI><a href="#[e5]">touchgfx::HAL::noTouch()</a> from hal.o(i._ZN8touchgfx3HAL7noTouchEv) referenced from touchgfxhal.o(.constdata__ZTV11TouchGFXHAL)
 <LI><a href="#[e5]">touchgfx::HAL::noTouch()</a> from hal.o(i._ZN8touchgfx3HAL7noTouchEv) referenced from hal.o(.constdata__ZTVN8touchgfx3HALE)
 <LI><a href="#[d5]">touchgfx::HAL::blitFill(touchgfx::colortype, unsigned short, unsigned short, unsigned short, unsigned short, unsigned char)</a> from hal.o(i._ZN8touchgfx3HAL8blitFillENS_9colortypeEtttth) referenced from touchgfxhal.o(.constdata__ZTV11TouchGFXHAL)
 <LI><a href="#[d5]">touchgfx::HAL::blitFill(touchgfx::colortype, unsigned short, unsigned short, unsigned short, unsigned short, unsigned char)</a> from hal.o(i._ZN8touchgfx3HAL8blitFillENS_9colortypeEtttth) referenced from hal.o(.constdata__ZTVN8touchgfx3HALE)
 <LI><a href="#[d4]">touchgfx::HAL::blitFill(touchgfx::colortype, unsigned short, unsigned short, unsigned short, unsigned short, unsigned char, unsigned short, touchgfx::Bitmap::BitmapFormat)</a> from hal.o(i._ZN8touchgfx3HAL8blitFillENS_9colortypeEtttthtNS_6Bitmap12BitmapFormatE) referenced from touchgfxhal.o(.constdata__ZTV11TouchGFXHAL)
 <LI><a href="#[d4]">touchgfx::HAL::blitFill(touchgfx::colortype, unsigned short, unsigned short, unsigned short, unsigned short, unsigned char, unsigned short, touchgfx::Bitmap::BitmapFormat)</a> from hal.o(i._ZN8touchgfx3HAL8blitFillENS_9colortypeEtttthtNS_6Bitmap12BitmapFormatE) referenced from hal.o(.constdata__ZTVN8touchgfx3HALE)
 <LI><a href="#[120]">touchgfx::HAL::endFrame()</a> from hal.o(i._ZN8touchgfx3HAL8endFrameEv) referenced from hal.o(.constdata__ZTVN8touchgfx3HALE)
 <LI><a href="#[cf]">touchgfx::HAL::flushDMA()</a> from hal.o(i._ZN8touchgfx3HAL8flushDMAEv) referenced from touchgfxhal.o(.constdata__ZTV11TouchGFXHAL)
 <LI><a href="#[cf]">touchgfx::HAL::flushDMA()</a> from hal.o(i._ZN8touchgfx3HAL8flushDMAEv) referenced from hal.o(.constdata__ZTVN8touchgfx3HALE)
 <LI><a href="#[de]">touchgfx::HAL::taskDelay(unsigned short)</a> from hal.o(i._ZN8touchgfx3HAL9taskDelayEt) referenced from touchgfxhal.o(.constdata__ZTV11TouchGFXHAL)
 <LI><a href="#[de]">touchgfx::HAL::taskDelay(unsigned short)</a> from hal.o(i._ZN8touchgfx3HAL9taskDelayEt) referenced from hal.o(.constdata__ZTVN8touchgfx3HALE)
 <LI><a href="#[85]">touchgfx::Rect::Rect()</a> from application.o(i._ZN8touchgfx4RectC1Ev) referenced from application.o(i._ZN8touchgfx11Application19cacheDrawOperationsEb)
 <LI><a href="#[85]">touchgfx::Rect::Rect()</a> from application.o(i._ZN8touchgfx4RectC1Ev) referenced from application.o(i._ZN8touchgfx11ApplicationC1Ev)
 <LI><a href="#[84]">touchgfx::BlitOp::BlitOp()</a> from stm32dma.o(i._ZN8touchgfx6BlitOpC1Ev) referenced from stm32dma.o(i._ZN10STM32F4DMAC1Ev)
 <LI><a href="#[122]">touchgfx::Screen::setupScreen()</a> from screen.o(i._ZN8touchgfx6Screen11setupScreenEv) referenced from screen.o(.constdata__ZTVN8touchgfx6ScreenE)
 <LI><a href="#[ca]">touchgfx::Screen::handleKeyEvent(unsigned char)</a> from screen.o(i._ZN8touchgfx6Screen14handleKeyEventEh) referenced from screen1view.o(.constdata__ZTV11Screen1View)
 <LI><a href="#[ca]">touchgfx::Screen::handleKeyEvent(unsigned char)</a> from screen.o(i._ZN8touchgfx6Screen14handleKeyEventEh) referenced from screen1viewbase.o(.constdata__ZTV15Screen1ViewBase)
 <LI><a href="#[ca]">touchgfx::Screen::handleKeyEvent(unsigned char)</a> from screen.o(i._ZN8touchgfx6Screen14handleKeyEventEh) referenced from screen.o(.constdata__ZTVN8touchgfx6ScreenE)
 <LI><a href="#[e9]">touchgfx::Screen::tearDownScreen()</a> from screen.o(i._ZN8touchgfx6Screen14tearDownScreenEv) referenced from screen1viewbase.o(.constdata__ZTV15Screen1ViewBase)
 <LI><a href="#[e9]">touchgfx::Screen::tearDownScreen()</a> from screen.o(i._ZN8touchgfx6Screen14tearDownScreenEv) referenced from screen.o(.constdata__ZTVN8touchgfx6ScreenE)
 <LI><a href="#[c4]">touchgfx::Screen::afterTransition()</a> from screen.o(i._ZN8touchgfx6Screen15afterTransitionEv) referenced from screen1view.o(.constdata__ZTV11Screen1View)
 <LI><a href="#[c4]">touchgfx::Screen::afterTransition()</a> from screen.o(i._ZN8touchgfx6Screen15afterTransitionEv) referenced from screen1viewbase.o(.constdata__ZTV15Screen1ViewBase)
 <LI><a href="#[c4]">touchgfx::Screen::afterTransition()</a> from screen.o(i._ZN8touchgfx6Screen15afterTransitionEv) referenced from screen.o(.constdata__ZTVN8touchgfx6ScreenE)
 <LI><a href="#[c7]">touchgfx::Screen::handleDragEvent(const touchgfx::DragEvent&)</a> from screen.o(i._ZN8touchgfx6Screen15handleDragEventERKNS_9DragEventE) referenced from screen1view.o(.constdata__ZTV11Screen1View)
 <LI><a href="#[c7]">touchgfx::Screen::handleDragEvent(const touchgfx::DragEvent&)</a> from screen.o(i._ZN8touchgfx6Screen15handleDragEventERKNS_9DragEventE) referenced from screen1viewbase.o(.constdata__ZTV15Screen1ViewBase)
 <LI><a href="#[c7]">touchgfx::Screen::handleDragEvent(const touchgfx::DragEvent&)</a> from screen.o(i._ZN8touchgfx6Screen15handleDragEventERKNS_9DragEventE) referenced from screen.o(.constdata__ZTVN8touchgfx6ScreenE)
 <LI><a href="#[c9]">touchgfx::Screen::handleTickEvent()</a> from screen.o(i._ZN8touchgfx6Screen15handleTickEventEv) referenced from screen1view.o(.constdata__ZTV11Screen1View)
 <LI><a href="#[c9]">touchgfx::Screen::handleTickEvent()</a> from screen.o(i._ZN8touchgfx6Screen15handleTickEventEv) referenced from screen1viewbase.o(.constdata__ZTV15Screen1ViewBase)
 <LI><a href="#[c9]">touchgfx::Screen::handleTickEvent()</a> from screen.o(i._ZN8touchgfx6Screen15handleTickEventEv) referenced from screen.o(.constdata__ZTVN8touchgfx6ScreenE)
 <LI><a href="#[c6]">touchgfx::Screen::handleClickEvent(const touchgfx::ClickEvent&)</a> from screen.o(i._ZN8touchgfx6Screen16handleClickEventERKNS_10ClickEventE) referenced from screen1view.o(.constdata__ZTV11Screen1View)
 <LI><a href="#[c6]">touchgfx::Screen::handleClickEvent(const touchgfx::ClickEvent&)</a> from screen.o(i._ZN8touchgfx6Screen16handleClickEventERKNS_10ClickEventE) referenced from screen1viewbase.o(.constdata__ZTV15Screen1ViewBase)
 <LI><a href="#[c6]">touchgfx::Screen::handleClickEvent(const touchgfx::ClickEvent&)</a> from screen.o(i._ZN8touchgfx6Screen16handleClickEventERKNS_10ClickEventE) referenced from screen.o(.constdata__ZTVN8touchgfx6ScreenE)
 <LI><a href="#[c8]">touchgfx::Screen::handleGestureEvent(const touchgfx::GestureEvent&)</a> from screen.o(i._ZN8touchgfx6Screen18handleGestureEventERKNS_12GestureEventE) referenced from screen1view.o(.constdata__ZTV11Screen1View)
 <LI><a href="#[c8]">touchgfx::Screen::handleGestureEvent(const touchgfx::GestureEvent&)</a> from screen.o(i._ZN8touchgfx6Screen18handleGestureEventERKNS_12GestureEventE) referenced from screen1viewbase.o(.constdata__ZTV15Screen1ViewBase)
 <LI><a href="#[c8]">touchgfx::Screen::handleGestureEvent(const touchgfx::GestureEvent&)</a> from screen.o(i._ZN8touchgfx6Screen18handleGestureEventERKNS_12GestureEventE) referenced from screen.o(.constdata__ZTVN8touchgfx6ScreenE)
 <LI><a href="#[c2]">touchgfx::Screen::draw(touchgfx::Rect&)</a> from screen.o(i._ZN8touchgfx6Screen4drawERNS_4RectE) referenced from screen1view.o(.constdata__ZTV11Screen1View)
 <LI><a href="#[c2]">touchgfx::Screen::draw(touchgfx::Rect&)</a> from screen.o(i._ZN8touchgfx6Screen4drawERNS_4RectE) referenced from screen1viewbase.o(.constdata__ZTV15Screen1ViewBase)
 <LI><a href="#[c2]">touchgfx::Screen::draw(touchgfx::Rect&)</a> from screen.o(i._ZN8touchgfx6Screen4drawERNS_4RectE) referenced from screen.o(.constdata__ZTVN8touchgfx6ScreenE)
 <LI><a href="#[121]">touchgfx::Screen::~Screen()</a> from screen.o(i._ZN8touchgfx6ScreenD1Ev) referenced from screen.o(.constdata__ZTVN8touchgfx6ScreenE)
 <LI><a href="#[111]">touchgfx::Widget::getLastChild(short, short, touchgfx::Drawable**)</a> from box.o(i._ZN8touchgfx6Widget12getLastChildEssPPNS_8DrawableE) referenced from box.o(.constdata__ZTVN8touchgfx3BoxE)
 <LI><a href="#[123]">touchgfx::Callback&lang;FrontendApplicationBase, void, void, void&rang;::execute()</a> from frontendapplicationbase.o(t._ZN8touchgfx8CallbackI23FrontendApplicationBasevvvE7executeEv) referenced from frontendapplicationbase.o(.constdata__ZTVN8touchgfx8CallbackI23FrontendApplicationBasevvvEE)
 <LI><a href="#[11c]">touchgfx::Drawable::setupDrawChain(const touchgfx::Rect&, touchgfx::Drawable**)</a> from box.o(i._ZN8touchgfx8Drawable14setupDrawChainERKNS_4RectEPPS0_) referenced from box.o(.constdata__ZTVN8touchgfx3BoxE)
 <LI><a href="#[11a]">touchgfx::Drawable::handleDragEvent(const touchgfx::DragEvent&)</a> from box.o(i._ZN8touchgfx8Drawable15handleDragEventERKNS_9DragEventE) referenced from box.o(.constdata__ZTVN8touchgfx3BoxE)
 <LI><a href="#[11a]">touchgfx::Drawable::handleDragEvent(const touchgfx::DragEvent&)</a> from box.o(i._ZN8touchgfx8Drawable15handleDragEventERKNS_9DragEventE) referenced from container.o(.constdata__ZTVN8touchgfx9ContainerE)
 <LI><a href="#[11b]">touchgfx::Drawable::handleTickEvent()</a> from box.o(i._ZN8touchgfx8Drawable15handleTickEventEv) referenced from box.o(.constdata__ZTVN8touchgfx3BoxE)
 <LI><a href="#[11b]">touchgfx::Drawable::handleTickEvent()</a> from box.o(i._ZN8touchgfx8Drawable15handleTickEventEv) referenced from container.o(.constdata__ZTVN8touchgfx9ContainerE)
 <LI><a href="#[118]">touchgfx::Drawable::handleClickEvent(const touchgfx::ClickEvent&)</a> from box.o(i._ZN8touchgfx8Drawable16handleClickEventERKNS_10ClickEventE) referenced from box.o(.constdata__ZTVN8touchgfx3BoxE)
 <LI><a href="#[118]">touchgfx::Drawable::handleClickEvent(const touchgfx::ClickEvent&)</a> from box.o(i._ZN8touchgfx8Drawable16handleClickEventERKNS_10ClickEventE) referenced from container.o(.constdata__ZTVN8touchgfx9ContainerE)
 <LI><a href="#[119]">touchgfx::Drawable::handleGestureEvent(const touchgfx::GestureEvent&)</a> from box.o(i._ZN8touchgfx8Drawable18handleGestureEventERKNS_12GestureEventE) referenced from box.o(.constdata__ZTVN8touchgfx3BoxE)
 <LI><a href="#[119]">touchgfx::Drawable::handleGestureEvent(const touchgfx::GestureEvent&)</a> from box.o(i._ZN8touchgfx8Drawable18handleGestureEventERKNS_12GestureEventE) referenced from container.o(.constdata__ZTVN8touchgfx9ContainerE)
 <LI><a href="#[114]">touchgfx::Drawable::setX(short)</a> from box.o(i._ZN8touchgfx8Drawable4setXEs) referenced from box.o(.constdata__ZTVN8touchgfx3BoxE)
 <LI><a href="#[114]">touchgfx::Drawable::setX(short)</a> from box.o(i._ZN8touchgfx8Drawable4setXEs) referenced from container.o(.constdata__ZTVN8touchgfx9ContainerE)
 <LI><a href="#[115]">touchgfx::Drawable::setY(short)</a> from box.o(i._ZN8touchgfx8Drawable4setYEs) referenced from box.o(.constdata__ZTVN8touchgfx3BoxE)
 <LI><a href="#[115]">touchgfx::Drawable::setY(short)</a> from box.o(i._ZN8touchgfx8Drawable4setYEs) referenced from container.o(.constdata__ZTVN8touchgfx9ContainerE)
 <LI><a href="#[116]">touchgfx::Drawable::setWidth(short)</a> from box.o(i._ZN8touchgfx8Drawable8setWidthEs) referenced from box.o(.constdata__ZTVN8touchgfx3BoxE)
 <LI><a href="#[116]">touchgfx::Drawable::setWidth(short)</a> from box.o(i._ZN8touchgfx8Drawable8setWidthEs) referenced from container.o(.constdata__ZTVN8touchgfx9ContainerE)
 <LI><a href="#[117]">touchgfx::Drawable::setHeight(short)</a> from box.o(i._ZN8touchgfx8Drawable9setHeightEs) referenced from box.o(.constdata__ZTVN8touchgfx3BoxE)
 <LI><a href="#[117]">touchgfx::Drawable::setHeight(short)</a> from box.o(i._ZN8touchgfx8Drawable9setHeightEs) referenced from container.o(.constdata__ZTVN8touchgfx9ContainerE)
 <LI><a href="#[88]">touchgfx::LCD16bpp::TextureMapper_A4_NearestNeighbor_GA::~TextureMapper_A4_NearestNeighbor_GA()</a> from lcd16bpp.o(i._ZN8touchgfx8LCD16bpp35TextureMapper_A4_NearestNeighbor_GAD1Ev) referenced from lcd16bpp.o(.constdata__ZTVN8touchgfx8LCD16bpp35TextureMapper_A4_NearestNeighbor_GAE)
 <LI><a href="#[88]">touchgfx::LCD16bpp::TextureMapper_A4_NearestNeighbor_GA::~TextureMapper_A4_NearestNeighbor_GA()</a> from lcd16bpp.o(i._ZN8touchgfx8LCD16bpp35TextureMapper_A4_NearestNeighbor_GAD1Ev) referenced from lcd16bpp.o(i._ZN8touchgfx8LCD16bpp21enableTextureMapperA4Ev)
 <LI><a href="#[89]">touchgfx::LCD16bpp::TextureMapper_A4_NearestNeighbor_NoGA::~TextureMapper_A4_NearestNeighbor_NoGA()</a> from lcd16bpp.o(i._ZN8touchgfx8LCD16bpp37TextureMapper_A4_NearestNeighbor_NoGAD1Ev) referenced from lcd16bpp.o(.constdata__ZTVN8touchgfx8LCD16bpp37TextureMapper_A4_NearestNeighbor_NoGAE)
 <LI><a href="#[89]">touchgfx::LCD16bpp::TextureMapper_A4_NearestNeighbor_NoGA::~TextureMapper_A4_NearestNeighbor_NoGA()</a> from lcd16bpp.o(i._ZN8touchgfx8LCD16bpp37TextureMapper_A4_NearestNeighbor_NoGAD1Ev) referenced from lcd16bpp.o(i._ZN8touchgfx8LCD16bpp21enableTextureMapperA4Ev)
 <LI><a href="#[86]">touchgfx::LCD16bpp::TextureMapper_A4_BilinearInterpolation_GA::~TextureMapper_A4_BilinearInterpolation_GA()</a> from lcd16bpp.o(i._ZN8touchgfx8LCD16bpp41TextureMapper_A4_BilinearInterpolation_GAD1Ev) referenced from lcd16bpp.o(.constdata__ZTVN8touchgfx8LCD16bpp41TextureMapper_A4_BilinearInterpolation_GAE)
 <LI><a href="#[86]">touchgfx::LCD16bpp::TextureMapper_A4_BilinearInterpolation_GA::~TextureMapper_A4_BilinearInterpolation_GA()</a> from lcd16bpp.o(i._ZN8touchgfx8LCD16bpp41TextureMapper_A4_BilinearInterpolation_GAD1Ev) referenced from lcd16bpp.o(i._ZN8touchgfx8LCD16bpp21enableTextureMapperA4Ev)
 <LI><a href="#[87]">touchgfx::LCD16bpp::TextureMapper_A4_BilinearInterpolation_NoGA::~TextureMapper_A4_BilinearInterpolation_NoGA()</a> from lcd16bpp.o(i._ZN8touchgfx8LCD16bpp43TextureMapper_A4_BilinearInterpolation_NoGAD1Ev) referenced from lcd16bpp.o(.constdata__ZTVN8touchgfx8LCD16bpp43TextureMapper_A4_BilinearInterpolation_NoGAE)
 <LI><a href="#[87]">touchgfx::LCD16bpp::TextureMapper_A4_BilinearInterpolation_NoGA::~TextureMapper_A4_BilinearInterpolation_NoGA()</a> from lcd16bpp.o(i._ZN8touchgfx8LCD16bpp43TextureMapper_A4_BilinearInterpolation_NoGAD1Ev) referenced from lcd16bpp.o(i._ZN8touchgfx8LCD16bpp21enableTextureMapperA4Ev)
 <LI><a href="#[8c]">touchgfx::LCD16bpp::TextureMapper_RGB565_Opaque_NearestNeighbor_GA::~TextureMapper_RGB565_Opaque_NearestNeighbor_GA()</a> from lcd16bpp.o(i._ZN8touchgfx8LCD16bpp46TextureMapper_RGB565_Opaque_NearestNeighbor_GAD1Ev) referenced from lcd16bpp.o(.constdata__ZTVN8touchgfx8LCD16bpp46TextureMapper_RGB565_Opaque_NearestNeighbor_GAE)
 <LI><a href="#[8c]">touchgfx::LCD16bpp::TextureMapper_RGB565_Opaque_NearestNeighbor_GA::~TextureMapper_RGB565_Opaque_NearestNeighbor_GA()</a> from lcd16bpp.o(i._ZN8touchgfx8LCD16bpp46TextureMapper_RGB565_Opaque_NearestNeighbor_GAD1Ev) referenced from lcd16bpp.o(i._ZN8touchgfx8LCD16bpp25enableTextureMapperRGB565Ev)
 <LI><a href="#[8d]">touchgfx::LCD16bpp::TextureMapper_RGB565_Opaque_NearestNeighbor_NoGA::~TextureMapper_RGB565_Opaque_NearestNeighbor_NoGA()</a> from lcd16bpp.o(i._ZN8touchgfx8LCD16bpp48TextureMapper_RGB565_Opaque_NearestNeighbor_NoGAD1Ev) referenced from lcd16bpp.o(.constdata__ZTVN8touchgfx8LCD16bpp48TextureMapper_RGB565_Opaque_NearestNeighbor_NoGAE)
 <LI><a href="#[8d]">touchgfx::LCD16bpp::TextureMapper_RGB565_Opaque_NearestNeighbor_NoGA::~TextureMapper_RGB565_Opaque_NearestNeighbor_NoGA()</a> from lcd16bpp.o(i._ZN8touchgfx8LCD16bpp48TextureMapper_RGB565_Opaque_NearestNeighbor_NoGAD1Ev) referenced from lcd16bpp.o(i._ZN8touchgfx8LCD16bpp25enableTextureMapperRGB565Ev)
 <LI><a href="#[98]">touchgfx::LCD16bpp::TextureMapper_L8_RGB565_Opaque_NearestNeighbor_GA::~TextureMapper_L8_RGB565_Opaque_NearestNeighbor_GA()</a> from lcd16bpp.o(i._ZN8touchgfx8LCD16bpp49TextureMapper_L8_RGB565_Opaque_NearestNeighbor_GAD1Ev) referenced from lcd16bpp.o(.constdata__ZTVN8touchgfx8LCD16bpp49TextureMapper_L8_RGB565_Opaque_NearestNeighbor_GAE)
 <LI><a href="#[98]">touchgfx::LCD16bpp::TextureMapper_L8_RGB565_Opaque_NearestNeighbor_GA::~TextureMapper_L8_RGB565_Opaque_NearestNeighbor_GA()</a> from lcd16bpp.o(i._ZN8touchgfx8LCD16bpp49TextureMapper_L8_RGB565_Opaque_NearestNeighbor_GAD1Ev) referenced from lcd16bpp.o(i._ZN8touchgfx8LCD16bpp28enableTextureMapperL8_RGB565Ev)
 <LI><a href="#[9c]">touchgfx::LCD16bpp::TextureMapper_L8_RGB888_Opaque_NearestNeighbor_GA::~TextureMapper_L8_RGB888_Opaque_NearestNeighbor_GA()</a> from lcd16bpp.o(i._ZN8touchgfx8LCD16bpp49TextureMapper_L8_RGB888_Opaque_NearestNeighbor_GAD1Ev) referenced from lcd16bpp.o(.constdata__ZTVN8touchgfx8LCD16bpp49TextureMapper_L8_RGB888_Opaque_NearestNeighbor_GAE)
 <LI><a href="#[9c]">touchgfx::LCD16bpp::TextureMapper_L8_RGB888_Opaque_NearestNeighbor_GA::~TextureMapper_L8_RGB888_Opaque_NearestNeighbor_GA()</a> from lcd16bpp.o(i._ZN8touchgfx8LCD16bpp49TextureMapper_L8_RGB888_Opaque_NearestNeighbor_GAD1Ev) referenced from lcd16bpp.o(i._ZN8touchgfx8LCD16bpp28enableTextureMapperL8_RGB888Ev)
 <LI><a href="#[90]">touchgfx::LCD16bpp::TextureMapper_RGB565_NonOpaque_NearestNeighbor_GA::~TextureMapper_RGB565_NonOpaque_NearestNeighbor_GA()</a> from lcd16bpp.o(i._ZN8touchgfx8LCD16bpp49TextureMapper_RGB565_NonOpaque_NearestNeighbor_GAD1Ev) referenced from lcd16bpp.o(.constdata__ZTVN8touchgfx8LCD16bpp49TextureMapper_RGB565_NonOpaque_NearestNeighbor_GAE)
 <LI><a href="#[90]">touchgfx::LCD16bpp::TextureMapper_RGB565_NonOpaque_NearestNeighbor_GA::~TextureMapper_RGB565_NonOpaque_NearestNeighbor_GA()</a> from lcd16bpp.o(i._ZN8touchgfx8LCD16bpp49TextureMapper_RGB565_NonOpaque_NearestNeighbor_GAD1Ev) referenced from lcd16bpp.o(i._ZN8touchgfx8LCD16bpp25enableTextureMapperRGB565Ev)
 <LI><a href="#[94]">touchgfx::LCD16bpp::TextureMapper_ARGB8888_NonOpaque_NearestNeighbor_GA::~TextureMapper_ARGB8888_NonOpaque_NearestNeighbor_GA()</a> from lcd16bpp.o(i._ZN8touchgfx8LCD16bpp51TextureMapper_ARGB8888_NonOpaque_NearestNeighbor_GAD1Ev) referenced from lcd16bpp.o(.constdata__ZTVN8touchgfx8LCD16bpp51TextureMapper_ARGB8888_NonOpaque_NearestNeighbor_GAE)
 <LI><a href="#[94]">touchgfx::LCD16bpp::TextureMapper_ARGB8888_NonOpaque_NearestNeighbor_GA::~TextureMapper_ARGB8888_NonOpaque_NearestNeighbor_GA()</a> from lcd16bpp.o(i._ZN8touchgfx8LCD16bpp51TextureMapper_ARGB8888_NonOpaque_NearestNeighbor_GAD1Ev) referenced from lcd16bpp.o(i._ZN8touchgfx8LCD16bpp27enableTextureMapperARGB8888Ev)
 <LI><a href="#[99]">touchgfx::LCD16bpp::TextureMapper_L8_RGB565_Opaque_NearestNeighbor_NoGA::~TextureMapper_L8_RGB565_Opaque_NearestNeighbor_NoGA()</a> from lcd16bpp.o(i._ZN8touchgfx8LCD16bpp51TextureMapper_L8_RGB565_Opaque_NearestNeighbor_NoGAD1Ev) referenced from lcd16bpp.o(.constdata__ZTVN8touchgfx8LCD16bpp51TextureMapper_L8_RGB565_Opaque_NearestNeighbor_NoGAE)
 <LI><a href="#[99]">touchgfx::LCD16bpp::TextureMapper_L8_RGB565_Opaque_NearestNeighbor_NoGA::~TextureMapper_L8_RGB565_Opaque_NearestNeighbor_NoGA()</a> from lcd16bpp.o(i._ZN8touchgfx8LCD16bpp51TextureMapper_L8_RGB565_Opaque_NearestNeighbor_NoGAD1Ev) referenced from lcd16bpp.o(i._ZN8touchgfx8LCD16bpp28enableTextureMapperL8_RGB565Ev)
 <LI><a href="#[9d]">touchgfx::LCD16bpp::TextureMapper_L8_RGB888_Opaque_NearestNeighbor_NoGA::~TextureMapper_L8_RGB888_Opaque_NearestNeighbor_NoGA()</a> from lcd16bpp.o(i._ZN8touchgfx8LCD16bpp51TextureMapper_L8_RGB888_Opaque_NearestNeighbor_NoGAD1Ev) referenced from lcd16bpp.o(.constdata__ZTVN8touchgfx8LCD16bpp51TextureMapper_L8_RGB888_Opaque_NearestNeighbor_NoGAE)
 <LI><a href="#[9d]">touchgfx::LCD16bpp::TextureMapper_L8_RGB888_Opaque_NearestNeighbor_NoGA::~TextureMapper_L8_RGB888_Opaque_NearestNeighbor_NoGA()</a> from lcd16bpp.o(i._ZN8touchgfx8LCD16bpp51TextureMapper_L8_RGB888_Opaque_NearestNeighbor_NoGAD1Ev) referenced from lcd16bpp.o(i._ZN8touchgfx8LCD16bpp28enableTextureMapperL8_RGB888Ev)
 <LI><a href="#[91]">touchgfx::LCD16bpp::TextureMapper_RGB565_NonOpaque_NearestNeighbor_NoGA::~TextureMapper_RGB565_NonOpaque_NearestNeighbor_NoGA()</a> from lcd16bpp.o(i._ZN8touchgfx8LCD16bpp51TextureMapper_RGB565_NonOpaque_NearestNeighbor_NoGAD1Ev) referenced from lcd16bpp.o(.constdata__ZTVN8touchgfx8LCD16bpp51TextureMapper_RGB565_NonOpaque_NearestNeighbor_NoGAE)
 <LI><a href="#[91]">touchgfx::LCD16bpp::TextureMapper_RGB565_NonOpaque_NearestNeighbor_NoGA::~TextureMapper_RGB565_NonOpaque_NearestNeighbor_NoGA()</a> from lcd16bpp.o(i._ZN8touchgfx8LCD16bpp51TextureMapper_RGB565_NonOpaque_NearestNeighbor_NoGAD1Ev) referenced from lcd16bpp.o(i._ZN8touchgfx8LCD16bpp25enableTextureMapperRGB565Ev)
 <LI><a href="#[8a]">touchgfx::LCD16bpp::TextureMapper_RGB565_Opaque_BilinearInterpolation_GA::~TextureMapper_RGB565_Opaque_BilinearInterpolation_GA()</a> from lcd16bpp.o(i._ZN8touchgfx8LCD16bpp52TextureMapper_RGB565_Opaque_BilinearInterpolation_GAD1Ev) referenced from lcd16bpp.o(.constdata__ZTVN8touchgfx8LCD16bpp52TextureMapper_RGB565_Opaque_BilinearInterpolation_GAE)
 <LI><a href="#[8a]">touchgfx::LCD16bpp::TextureMapper_RGB565_Opaque_BilinearInterpolation_GA::~TextureMapper_RGB565_Opaque_BilinearInterpolation_GA()</a> from lcd16bpp.o(i._ZN8touchgfx8LCD16bpp52TextureMapper_RGB565_Opaque_BilinearInterpolation_GAD1Ev) referenced from lcd16bpp.o(i._ZN8touchgfx8LCD16bpp25enableTextureMapperRGB565Ev)
 <LI><a href="#[95]">touchgfx::LCD16bpp::TextureMapper_ARGB8888_NonOpaque_NearestNeighbor_NoGA::~TextureMapper_ARGB8888_NonOpaque_NearestNeighbor_NoGA()</a> from lcd16bpp.o(i._ZN8touchgfx8LCD16bpp53TextureMapper_ARGB8888_NonOpaque_NearestNeighbor_NoGAD1Ev) referenced from lcd16bpp.o(.constdata__ZTVN8touchgfx8LCD16bpp53TextureMapper_ARGB8888_NonOpaque_NearestNeighbor_NoGAE)
 <LI><a href="#[95]">touchgfx::LCD16bpp::TextureMapper_ARGB8888_NonOpaque_NearestNeighbor_NoGA::~TextureMapper_ARGB8888_NonOpaque_NearestNeighbor_NoGA()</a> from lcd16bpp.o(i._ZN8touchgfx8LCD16bpp53TextureMapper_ARGB8888_NonOpaque_NearestNeighbor_NoGAD1Ev) referenced from lcd16bpp.o(i._ZN8touchgfx8LCD16bpp27enableTextureMapperARGB8888Ev)
 <LI><a href="#[a0]">touchgfx::LCD16bpp::TextureMapper_L8_ARGB8888_NonOpaque_NearestNeighbor_GA::~TextureMapper_L8_ARGB8888_NonOpaque_NearestNeighbor_GA()</a> from lcd16bpp.o(i._ZN8touchgfx8LCD16bpp54TextureMapper_L8_ARGB8888_NonOpaque_NearestNeighbor_GAD1Ev) referenced from lcd16bpp.o(.constdata__ZTVN8touchgfx8LCD16bpp54TextureMapper_L8_ARGB8888_NonOpaque_NearestNeighbor_GAE)
 <LI><a href="#[a0]">touchgfx::LCD16bpp::TextureMapper_L8_ARGB8888_NonOpaque_NearestNeighbor_GA::~TextureMapper_L8_ARGB8888_NonOpaque_NearestNeighbor_GA()</a> from lcd16bpp.o(i._ZN8touchgfx8LCD16bpp54TextureMapper_L8_ARGB8888_NonOpaque_NearestNeighbor_GAD1Ev) referenced from lcd16bpp.o(i._ZN8touchgfx8LCD16bpp30enableTextureMapperL8_ARGB8888Ev)
 <LI><a href="#[8b]">touchgfx::LCD16bpp::TextureMapper_RGB565_Opaque_BilinearInterpolation_NoGA::~TextureMapper_RGB565_Opaque_BilinearInterpolation_NoGA()</a> from lcd16bpp.o(i._ZN8touchgfx8LCD16bpp54TextureMapper_RGB565_Opaque_BilinearInterpolation_NoGAD1Ev) referenced from lcd16bpp.o(.constdata__ZTVN8touchgfx8LCD16bpp54TextureMapper_RGB565_Opaque_BilinearInterpolation_NoGAE)
 <LI><a href="#[8b]">touchgfx::LCD16bpp::TextureMapper_RGB565_Opaque_BilinearInterpolation_NoGA::~TextureMapper_RGB565_Opaque_BilinearInterpolation_NoGA()</a> from lcd16bpp.o(i._ZN8touchgfx8LCD16bpp54TextureMapper_RGB565_Opaque_BilinearInterpolation_NoGAD1Ev) referenced from lcd16bpp.o(i._ZN8touchgfx8LCD16bpp25enableTextureMapperRGB565Ev)
 <LI><a href="#[96]">touchgfx::LCD16bpp::TextureMapper_L8_RGB565_Opaque_BilinearInterpolation_GA::~TextureMapper_L8_RGB565_Opaque_BilinearInterpolation_GA()</a> from lcd16bpp.o(i._ZN8touchgfx8LCD16bpp55TextureMapper_L8_RGB565_Opaque_BilinearInterpolation_GAD1Ev) referenced from lcd16bpp.o(.constdata__ZTVN8touchgfx8LCD16bpp55TextureMapper_L8_RGB565_Opaque_BilinearInterpolation_GAE)
 <LI><a href="#[96]">touchgfx::LCD16bpp::TextureMapper_L8_RGB565_Opaque_BilinearInterpolation_GA::~TextureMapper_L8_RGB565_Opaque_BilinearInterpolation_GA()</a> from lcd16bpp.o(i._ZN8touchgfx8LCD16bpp55TextureMapper_L8_RGB565_Opaque_BilinearInterpolation_GAD1Ev) referenced from lcd16bpp.o(i._ZN8touchgfx8LCD16bpp28enableTextureMapperL8_RGB565Ev)
 <LI><a href="#[9a]">touchgfx::LCD16bpp::TextureMapper_L8_RGB888_Opaque_BilinearInterpolation_GA::~TextureMapper_L8_RGB888_Opaque_BilinearInterpolation_GA()</a> from lcd16bpp.o(i._ZN8touchgfx8LCD16bpp55TextureMapper_L8_RGB888_Opaque_BilinearInterpolation_GAD1Ev) referenced from lcd16bpp.o(.constdata__ZTVN8touchgfx8LCD16bpp55TextureMapper_L8_RGB888_Opaque_BilinearInterpolation_GAE)
 <LI><a href="#[9a]">touchgfx::LCD16bpp::TextureMapper_L8_RGB888_Opaque_BilinearInterpolation_GA::~TextureMapper_L8_RGB888_Opaque_BilinearInterpolation_GA()</a> from lcd16bpp.o(i._ZN8touchgfx8LCD16bpp55TextureMapper_L8_RGB888_Opaque_BilinearInterpolation_GAD1Ev) referenced from lcd16bpp.o(i._ZN8touchgfx8LCD16bpp28enableTextureMapperL8_RGB888Ev)
 <LI><a href="#[8e]">touchgfx::LCD16bpp::TextureMapper_RGB565_NonOpaque_BilinearInterpolation_GA::~TextureMapper_RGB565_NonOpaque_BilinearInterpolation_GA()</a> from lcd16bpp.o(i._ZN8touchgfx8LCD16bpp55TextureMapper_RGB565_NonOpaque_BilinearInterpolation_GAD1Ev) referenced from lcd16bpp.o(.constdata__ZTVN8touchgfx8LCD16bpp55TextureMapper_RGB565_NonOpaque_BilinearInterpolation_GAE)
 <LI><a href="#[8e]">touchgfx::LCD16bpp::TextureMapper_RGB565_NonOpaque_BilinearInterpolation_GA::~TextureMapper_RGB565_NonOpaque_BilinearInterpolation_GA()</a> from lcd16bpp.o(i._ZN8touchgfx8LCD16bpp55TextureMapper_RGB565_NonOpaque_BilinearInterpolation_GAD1Ev) referenced from lcd16bpp.o(i._ZN8touchgfx8LCD16bpp25enableTextureMapperRGB565Ev)
 <LI><a href="#[a1]">touchgfx::LCD16bpp::TextureMapper_L8_ARGB8888_NonOpaque_NearestNeighbor_NoGA::~TextureMapper_L8_ARGB8888_NonOpaque_NearestNeighbor_NoGA()</a> from lcd16bpp.o(i._ZN8touchgfx8LCD16bpp56TextureMapper_L8_ARGB8888_NonOpaque_NearestNeighbor_NoGAD1Ev) referenced from lcd16bpp.o(.constdata__ZTVN8touchgfx8LCD16bpp56TextureMapper_L8_ARGB8888_NonOpaque_NearestNeighbor_NoGAE)
 <LI><a href="#[a1]">touchgfx::LCD16bpp::TextureMapper_L8_ARGB8888_NonOpaque_NearestNeighbor_NoGA::~TextureMapper_L8_ARGB8888_NonOpaque_NearestNeighbor_NoGA()</a> from lcd16bpp.o(i._ZN8touchgfx8LCD16bpp56TextureMapper_L8_ARGB8888_NonOpaque_NearestNeighbor_NoGAD1Ev) referenced from lcd16bpp.o(i._ZN8touchgfx8LCD16bpp30enableTextureMapperL8_ARGB8888Ev)
 <LI><a href="#[92]">touchgfx::LCD16bpp::TextureMapper_ARGB8888_NonOpaque_BilinearInterpolation_GA::~TextureMapper_ARGB8888_NonOpaque_BilinearInterpolation_GA()</a> from lcd16bpp.o(i._ZN8touchgfx8LCD16bpp57TextureMapper_ARGB8888_NonOpaque_BilinearInterpolation_GAD1Ev) referenced from lcd16bpp.o(.constdata__ZTVN8touchgfx8LCD16bpp57TextureMapper_ARGB8888_NonOpaque_BilinearInterpolation_GAE)
 <LI><a href="#[92]">touchgfx::LCD16bpp::TextureMapper_ARGB8888_NonOpaque_BilinearInterpolation_GA::~TextureMapper_ARGB8888_NonOpaque_BilinearInterpolation_GA()</a> from lcd16bpp.o(i._ZN8touchgfx8LCD16bpp57TextureMapper_ARGB8888_NonOpaque_BilinearInterpolation_GAD1Ev) referenced from lcd16bpp.o(i._ZN8touchgfx8LCD16bpp27enableTextureMapperARGB8888Ev)
 <LI><a href="#[97]">touchgfx::LCD16bpp::TextureMapper_L8_RGB565_Opaque_BilinearInterpolation_NoGA::~TextureMapper_L8_RGB565_Opaque_BilinearInterpolation_NoGA()</a> from lcd16bpp.o(i._ZN8touchgfx8LCD16bpp57TextureMapper_L8_RGB565_Opaque_BilinearInterpolation_NoGAD1Ev) referenced from lcd16bpp.o(.constdata__ZTVN8touchgfx8LCD16bpp57TextureMapper_L8_RGB565_Opaque_BilinearInterpolation_NoGAE)
 <LI><a href="#[97]">touchgfx::LCD16bpp::TextureMapper_L8_RGB565_Opaque_BilinearInterpolation_NoGA::~TextureMapper_L8_RGB565_Opaque_BilinearInterpolation_NoGA()</a> from lcd16bpp.o(i._ZN8touchgfx8LCD16bpp57TextureMapper_L8_RGB565_Opaque_BilinearInterpolation_NoGAD1Ev) referenced from lcd16bpp.o(i._ZN8touchgfx8LCD16bpp28enableTextureMapperL8_RGB565Ev)
 <LI><a href="#[9b]">touchgfx::LCD16bpp::TextureMapper_L8_RGB888_Opaque_BilinearInterpolation_NoGA::~TextureMapper_L8_RGB888_Opaque_BilinearInterpolation_NoGA()</a> from lcd16bpp.o(i._ZN8touchgfx8LCD16bpp57TextureMapper_L8_RGB888_Opaque_BilinearInterpolation_NoGAD1Ev) referenced from lcd16bpp.o(.constdata__ZTVN8touchgfx8LCD16bpp57TextureMapper_L8_RGB888_Opaque_BilinearInterpolation_NoGAE)
 <LI><a href="#[9b]">touchgfx::LCD16bpp::TextureMapper_L8_RGB888_Opaque_BilinearInterpolation_NoGA::~TextureMapper_L8_RGB888_Opaque_BilinearInterpolation_NoGA()</a> from lcd16bpp.o(i._ZN8touchgfx8LCD16bpp57TextureMapper_L8_RGB888_Opaque_BilinearInterpolation_NoGAD1Ev) referenced from lcd16bpp.o(i._ZN8touchgfx8LCD16bpp28enableTextureMapperL8_RGB888Ev)
 <LI><a href="#[8f]">touchgfx::LCD16bpp::TextureMapper_RGB565_NonOpaque_BilinearInterpolation_NoGA::~TextureMapper_RGB565_NonOpaque_BilinearInterpolation_NoGA()</a> from lcd16bpp.o(i._ZN8touchgfx8LCD16bpp57TextureMapper_RGB565_NonOpaque_BilinearInterpolation_NoGAD1Ev) referenced from lcd16bpp.o(.constdata__ZTVN8touchgfx8LCD16bpp57TextureMapper_RGB565_NonOpaque_BilinearInterpolation_NoGAE)
 <LI><a href="#[8f]">touchgfx::LCD16bpp::TextureMapper_RGB565_NonOpaque_BilinearInterpolation_NoGA::~TextureMapper_RGB565_NonOpaque_BilinearInterpolation_NoGA()</a> from lcd16bpp.o(i._ZN8touchgfx8LCD16bpp57TextureMapper_RGB565_NonOpaque_BilinearInterpolation_NoGAD1Ev) referenced from lcd16bpp.o(i._ZN8touchgfx8LCD16bpp25enableTextureMapperRGB565Ev)
 <LI><a href="#[93]">touchgfx::LCD16bpp::TextureMapper_ARGB8888_NonOpaque_BilinearInterpolation_NoGA::~TextureMapper_ARGB8888_NonOpaque_BilinearInterpolation_NoGA()</a> from lcd16bpp.o(i._ZN8touchgfx8LCD16bpp59TextureMapper_ARGB8888_NonOpaque_BilinearInterpolation_NoGAD1Ev) referenced from lcd16bpp.o(.constdata__ZTVN8touchgfx8LCD16bpp59TextureMapper_ARGB8888_NonOpaque_BilinearInterpolation_NoGAE)
 <LI><a href="#[93]">touchgfx::LCD16bpp::TextureMapper_ARGB8888_NonOpaque_BilinearInterpolation_NoGA::~TextureMapper_ARGB8888_NonOpaque_BilinearInterpolation_NoGA()</a> from lcd16bpp.o(i._ZN8touchgfx8LCD16bpp59TextureMapper_ARGB8888_NonOpaque_BilinearInterpolation_NoGAD1Ev) referenced from lcd16bpp.o(i._ZN8touchgfx8LCD16bpp27enableTextureMapperARGB8888Ev)
 <LI><a href="#[9e]">touchgfx::LCD16bpp::TextureMapper_L8_ARGB8888_NonOpaque_BilinearInterpolation_GA::~TextureMapper_L8_ARGB8888_NonOpaque_BilinearInterpolation_GA()</a> from lcd16bpp.o(i._ZN8touchgfx8LCD16bpp60TextureMapper_L8_ARGB8888_NonOpaque_BilinearInterpolation_GAD1Ev) referenced from lcd16bpp.o(.constdata__ZTVN8touchgfx8LCD16bpp60TextureMapper_L8_ARGB8888_NonOpaque_BilinearInterpolation_GAE)
 <LI><a href="#[9e]">touchgfx::LCD16bpp::TextureMapper_L8_ARGB8888_NonOpaque_BilinearInterpolation_GA::~TextureMapper_L8_ARGB8888_NonOpaque_BilinearInterpolation_GA()</a> from lcd16bpp.o(i._ZN8touchgfx8LCD16bpp60TextureMapper_L8_ARGB8888_NonOpaque_BilinearInterpolation_GAD1Ev) referenced from lcd16bpp.o(i._ZN8touchgfx8LCD16bpp30enableTextureMapperL8_ARGB8888Ev)
 <LI><a href="#[9f]">touchgfx::LCD16bpp::TextureMapper_L8_ARGB8888_NonOpaque_BilinearInterpolation_NoGA::~TextureMapper_L8_ARGB8888_NonOpaque_BilinearInterpolation_NoGA()</a> from lcd16bpp.o(i._ZN8touchgfx8LCD16bpp62TextureMapper_L8_ARGB8888_NonOpaque_BilinearInterpolation_NoGAD1Ev) referenced from lcd16bpp.o(.constdata__ZTVN8touchgfx8LCD16bpp62TextureMapper_L8_ARGB8888_NonOpaque_BilinearInterpolation_NoGAE)
 <LI><a href="#[9f]">touchgfx::LCD16bpp::TextureMapper_L8_ARGB8888_NonOpaque_BilinearInterpolation_NoGA::~TextureMapper_L8_ARGB8888_NonOpaque_BilinearInterpolation_NoGA()</a> from lcd16bpp.o(i._ZN8touchgfx8LCD16bpp62TextureMapper_L8_ARGB8888_NonOpaque_BilinearInterpolation_NoGAD1Ev) referenced from lcd16bpp.o(i._ZN8touchgfx8LCD16bpp30enableTextureMapperL8_ARGB8888Ev)
 <LI><a href="#[125]">touchgfx::LCD16bpp::fillRect(const touchgfx::Rect&, touchgfx::colortype, unsigned char)</a> from lcd16bpp.o(i._ZN8touchgfx8LCD16bpp8fillRectERKNS_4RectENS_9colortypeEh) referenced from lcd16bpp.o(.constdata__ZTVN8touchgfx8LCD16bppE)
 <LI><a href="#[a8]">touchgfx::LCD16bpp::~LCD16bpp()</a> from lcd16bpp.o(i._ZN8touchgfx8LCD16bppD1Ev) referenced from lcd16bpp.o(.constdata__ZTVN8touchgfx8LCD16bppE)
 <LI><a href="#[a8]">touchgfx::LCD16bpp::~LCD16bpp()</a> from lcd16bpp.o(i._ZN8touchgfx8LCD16bppD1Ev) referenced from touchgfxconfiguration.o(i.__sti___25_TouchGFXConfiguration_cpp_f5abfd34)
 <LI><a href="#[12a]">touchgfx::Container::getLastChild(short, short, touchgfx::Drawable**)</a> from container.o(i._ZN8touchgfx9Container12getLastChildEssPPNS_8DrawableE) referenced from container.o(.constdata__ZTVN8touchgfx9ContainerE)
 <LI><a href="#[12b]">touchgfx::Container::setupDrawChain(const touchgfx::Rect&, touchgfx::Drawable**)</a> from container.o(i._ZN8touchgfx9Container14setupDrawChainERKNS_4RectEPPNS_8DrawableE) referenced from container.o(.constdata__ZTVN8touchgfx9ContainerE)
 <LI><a href="#[12c]">touchgfx::Container::add(touchgfx::Drawable&)</a> from container.o(i._ZN8touchgfx9Container3addERNS_8DrawableE) referenced from container.o(.constdata__ZTVN8touchgfx9ContainerE)
 <LI><a href="#[12d]">touchgfx::Partition&lang;touchgfx::meta::TypeList&lang;Screen1View, touchgfx::meta::TypeList&lang;touchgfx::meta::Nil, touchgfx::meta::Nil&rang;&rang;, (unsigned short)1&rang;::element_size()</a> from touchgfxconfiguration.o(t._ZN8touchgfx9PartitionINS_4meta8TypeListI11Screen1ViewNS2_INS1_3NilES4_EEEELt1EE12element_sizeEv) referenced from touchgfxconfiguration.o(.constdata__ZTVN8touchgfx9PartitionINS_4meta8TypeListI11Screen1ViewNS2_INS1_3NilES4_EEEELt1EEE)
 <LI><a href="#[12e]">touchgfx::Partition&lang;touchgfx::meta::TypeList&lang;Screen1View, touchgfx::meta::TypeList&lang;touchgfx::meta::Nil, touchgfx::meta::Nil&rang;&rang;, (unsigned short)1&rang;::element(unsigned short)</a> from touchgfxconfiguration.o(t._ZN8touchgfx9PartitionINS_4meta8TypeListI11Screen1ViewNS2_INS1_3NilES4_EEEELt1EE7elementEt) referenced from touchgfxconfiguration.o(.constdata__ZTVN8touchgfx9PartitionINS_4meta8TypeListI11Screen1ViewNS2_INS1_3NilES4_EEEELt1EEE)
 <LI><a href="#[12f]">touchgfx::Partition&lang;touchgfx::meta::TypeList&lang;Screen1Presenter, touchgfx::meta::TypeList&lang;touchgfx::meta::Nil, touchgfx::meta::Nil&rang;&rang;, (unsigned short)1&rang;::element_size()</a> from touchgfxconfiguration.o(t._ZN8touchgfx9PartitionINS_4meta8TypeListI16Screen1PresenterNS2_INS1_3NilES4_EEEELt1EE12element_sizeEv) referenced from touchgfxconfiguration.o(.constdata__ZTVN8touchgfx9PartitionINS_4meta8TypeListI16Screen1PresenterNS2_INS1_3NilES4_EEEELt1EEE)
 <LI><a href="#[130]">touchgfx::Partition&lang;touchgfx::meta::TypeList&lang;Screen1Presenter, touchgfx::meta::TypeList&lang;touchgfx::meta::Nil, touchgfx::meta::Nil&rang;&rang;, (unsigned short)1&rang;::element(unsigned short)</a> from touchgfxconfiguration.o(t._ZN8touchgfx9PartitionINS_4meta8TypeListI16Screen1PresenterNS2_INS1_3NilES4_EEEELt1EE7elementEt) referenced from touchgfxconfiguration.o(.constdata__ZTVN8touchgfx9PartitionINS_4meta8TypeListI16Screen1PresenterNS2_INS1_3NilES4_EEEELt1EEE)
 <LI><a href="#[131]">touchgfx::Partition&lang;touchgfx::meta::TypeList&lang;touchgfx::NoTransition, touchgfx::meta::TypeList&lang;touchgfx::meta::Nil, touchgfx::meta::Nil&rang;&rang;, (unsigned short)1&rang;::element_size()</a> from touchgfxconfiguration.o(t._ZN8touchgfx9PartitionINS_4meta8TypeListINS_12NoTransitionENS2_INS1_3NilES4_EEEELt1EE12element_sizeEv) referenced from touchgfxconfiguration.o(.constdata__ZTVN8touchgfx9PartitionINS_4meta8TypeListINS_12NoTransitionENS2_INS1_3NilES4_EEEELt1EEE)
 <LI><a href="#[132]">touchgfx::Partition&lang;touchgfx::meta::TypeList&lang;touchgfx::NoTransition, touchgfx::meta::TypeList&lang;touchgfx::meta::Nil, touchgfx::meta::Nil&rang;&rang;, (unsigned short)1&rang;::element(unsigned short)</a> from touchgfxconfiguration.o(t._ZN8touchgfx9PartitionINS_4meta8TypeListINS_12NoTransitionENS2_INS1_3NilES4_EEEELt1EE7elementEt) referenced from touchgfxconfiguration.o(.constdata__ZTVN8touchgfx9PartitionINS_4meta8TypeListINS_12NoTransitionENS2_INS1_3NilES4_EEEELt1EEE)
 <LI><a href="#[d2]">TouchGFXHAL::getTFTFrameBuffer() const</a> from touchgfxhal.o(i._ZNK11TouchGFXHAL17getTFTFrameBufferEv) referenced from touchgfxhal.o(.constdata__ZTV11TouchGFXHAL)
 <LI><a href="#[110]">touchgfx::Box::getSolidRect() const</a> from box.o(i._ZNK8touchgfx3Box12getSolidRectEv) referenced from box.o(.constdata__ZTVN8touchgfx3BoxE)
 <LI><a href="#[10f]">touchgfx::Box::draw(const touchgfx::Rect&) const</a> from box.o(i._ZNK8touchgfx3Box4drawERKNS_4RectE) referenced from box.o(.constdata__ZTVN8touchgfx3BoxE)
 <LI><a href="#[124]">touchgfx::Callback&lang;FrontendApplicationBase, void, void, void&rang;::isValid() const</a> from frontendapplicationbase.o(t._ZNK8touchgfx8CallbackI23FrontendApplicationBasevvvE7isValidEv) referenced from frontendapplicationbase.o(.constdata__ZTVN8touchgfx8CallbackI23FrontendApplicationBasevvvEE)
 <LI><a href="#[112]">touchgfx::Drawable::getVisibleRect(touchgfx::Rect&) const</a> from drawable.o(i._ZNK8touchgfx8Drawable14getVisibleRectERNS_4RectE) referenced from box.o(.constdata__ZTVN8touchgfx3BoxE)
 <LI><a href="#[112]">touchgfx::Drawable::getVisibleRect(touchgfx::Rect&) const</a> from drawable.o(i._ZNK8touchgfx8Drawable14getVisibleRectERNS_4RectE) referenced from container.o(.constdata__ZTVN8touchgfx9ContainerE)
 <LI><a href="#[113]">touchgfx::Drawable::translateRectToAbsolute(touchgfx::Rect&) const</a> from drawable.o(i._ZNK8touchgfx8Drawable23translateRectToAbsoluteERNS_4RectE) referenced from box.o(.constdata__ZTVN8touchgfx3BoxE)
[...]
<BR><BR>[Stack]<UL><LI>Max Depth = 240<LI>Call Chain = prvProcessReceivedCommands &rArr; prvSampleTimeNow &rArr; prvSwitchTimerLists &rArr; xTimerGenericCommand &rArr; xQueueGenericSend &rArr; xTaskResumeAll &rArr; xTaskIncrementTick
</UL>
<BR>[Calls]<UL><LI><a href="#[2f1]">&gt;&gt;</a>&nbsp;&nbsp;&nbsp;xTimerGenericCommand
<LI><a href="#[2f0]">&gt;&gt;</a>&nbsp;&nbsp;&nbsp;prvSampleTimeNow
<LI><a href="#[2ed]">&gt;&gt;</a>&nbsp;&nbsp;&nbsp;prvInsertTimerInActiveList
<LI><a href="#[2cb]">&gt;&gt;</a>&nbsp;&nbsp;&nbsp;xQueueReceive
<LI><a href="#[2da]">&gt;&gt;</a>&nbsp;&nbsp;&nbsp;uxListRemove
<LI><a href="#[2e6]">&gt;&gt;</a>&nbsp;&nbsp;&nbsp;vPortFree
</UL>
<BR>[Called By]<UL><LI><a href="#[b1]">&gt;&gt;</a>&nbsp;&nbsp;&nbsp;prvTimerTask
</UL>

<P><STRONG><a name="[2f2]"></a>prvProcessTimerOrBlockTask</STRONG> (Thumb, 182 bytes, Stack size 32 bytes, timers.o(i.prvProcessTimerOrBlockTask))
<BR><BR>[Stack]<UL><LI>Max Depth = 224<LI>Call Chain = prvProcessTimerOrBlockTask &rArr; prvSampleTimeNow &rArr; prvSwitchTimerLists &rArr; xTimerGenericCommand &rArr; xQueueGenericSend &rArr; xTaskResumeAll &rArr; xTaskIncrementTick
</UL>
<BR>[Calls]<UL><LI><a href="#[2f1]">&gt;&gt;</a>&nbsp;&nbsp;&nbsp;xTimerGenericCommand
<LI><a href="#[2f0]">&gt;&gt;</a>&nbsp;&nbsp;&nbsp;prvSampleTimeNow
<LI><a href="#[2ed]">&gt;&gt;</a>&nbsp;&nbsp;&nbsp;prvInsertTimerInActiveList
<LI><a href="#[2f5]">&gt;&gt;</a>&nbsp;&nbsp;&nbsp;vQueueWaitForMessageRestricted
<LI><a href="#[2da]">&gt;&gt;</a>&nbsp;&nbsp;&nbsp;uxListRemove
<LI><a href="#[2f4]">&gt;&gt;</a>&nbsp;&nbsp;&nbsp;xTaskResumeAll
<LI><a href="#[2f3]">&gt;&gt;</a>&nbsp;&nbsp;&nbsp;vTaskSuspendAll
</UL>
<BR>[Called By]<UL><LI><a href="#[b1]">&gt;&gt;</a>&nbsp;&nbsp;&nbsp;prvTimerTask
</UL>

<P><STRONG><a name="[2f0]"></a>prvSampleTimeNow</STRONG> (Thumb, 36 bytes, Stack size 16 bytes, timers.o(i.prvSampleTimeNow))
<BR><BR>[Stack]<UL><LI>Max Depth = 192<LI>Call Chain = prvSampleTimeNow &rArr; prvSwitchTimerLists &rArr; xTimerGenericCommand &rArr; xQueueGenericSend &rArr; xTaskResumeAll &rArr; xTaskIncrementTick
</UL>
<BR>[Calls]<UL><LI><a href="#[2f7]">&gt;&gt;</a>&nbsp;&nbsp;&nbsp;prvSwitchTimerLists
<LI><a href="#[2f6]">&gt;&gt;</a>&nbsp;&nbsp;&nbsp;xTaskGetTickCount
</UL>
<BR>[Called By]<UL><LI><a href="#[2f2]">&gt;&gt;</a>&nbsp;&nbsp;&nbsp;prvProcessTimerOrBlockTask
<LI><a href="#[2ef]">&gt;&gt;</a>&nbsp;&nbsp;&nbsp;prvProcessReceivedCommands
</UL>

<P><STRONG><a name="[2f7]"></a>prvSwitchTimerLists</STRONG> (Thumb, 104 bytes, Stack size 24 bytes, timers.o(i.prvSwitchTimerLists))
<BR><BR>[Stack]<UL><LI>Max Depth = 176<LI>Call Chain = prvSwitchTimerLists &rArr; xTimerGenericCommand &rArr; xQueueGenericSend &rArr; xTaskResumeAll &rArr; xTaskIncrementTick
</UL>
<BR>[Calls]<UL><LI><a href="#[2f1]">&gt;&gt;</a>&nbsp;&nbsp;&nbsp;xTimerGenericCommand
<LI><a href="#[2dc]">&gt;&gt;</a>&nbsp;&nbsp;&nbsp;vListInsert
<LI><a href="#[2da]">&gt;&gt;</a>&nbsp;&nbsp;&nbsp;uxListRemove
</UL>
<BR>[Called By]<UL><LI><a href="#[2f0]">&gt;&gt;</a>&nbsp;&nbsp;&nbsp;prvSampleTimeNow
</UL>

<P><STRONG><a name="[b1]"></a>prvTimerTask</STRONG> (Thumb, 32 bytes, Stack size 0 bytes, timers.o(i.prvTimerTask))
<BR><BR>[Stack]<UL><LI>Max Depth = 240<LI>Call Chain = prvTimerTask &rArr; prvProcessReceivedCommands &rArr; prvSampleTimeNow &rArr; prvSwitchTimerLists &rArr; xTimerGenericCommand &rArr; xQueueGenericSend &rArr; xTaskResumeAll &rArr; xTaskIncrementTick
</UL>
<BR>[Calls]<UL><LI><a href="#[2f2]">&gt;&gt;</a>&nbsp;&nbsp;&nbsp;prvProcessTimerOrBlockTask
<LI><a href="#[2ef]">&gt;&gt;</a>&nbsp;&nbsp;&nbsp;prvProcessReceivedCommands
</UL>
<BR>[Address Reference Count : 1]<UL><LI> timers.o(i.xTimerCreateTimerTask)
</UL>
<P><STRONG><a name="[2fc]"></a>prvHeapInit</STRONG> (Thumb, 66 bytes, Stack size 0 bytes, heap_4.o(i.prvHeapInit))
<BR><BR>[Called By]<UL><LI><a href="#[2fb]">&gt;&gt;</a>&nbsp;&nbsp;&nbsp;pvPortMalloc
</UL>

<P><STRONG><a name="[2fd]"></a>prvInsertBlockIntoFreeList</STRONG> (Thumb, 72 bytes, Stack size 12 bytes, heap_4.o(i.prvInsertBlockIntoFreeList))
<BR><BR>[Stack]<UL><LI>Max Depth = 12<LI>Call Chain = prvInsertBlockIntoFreeList
</UL>
<BR>[Called By]<UL><LI><a href="#[2e6]">&gt;&gt;</a>&nbsp;&nbsp;&nbsp;vPortFree
<LI><a href="#[2fb]">&gt;&gt;</a>&nbsp;&nbsp;&nbsp;pvPortMalloc
</UL>

<P><STRONG><a name="[ad]"></a>prvTaskExitError</STRONG> (Thumb, 36 bytes, Stack size 0 bytes, port.o(i.prvTaskExitError))
<BR>[Address Reference Count : 1]<UL><LI> port.o(i.pxPortInitialiseStack)
</UL>
<P><STRONG><a name="[2a9]"></a>network_configure_activations</STRONG> (Thumb, 118 bytes, Stack size 8 bytes, network.o(i.network_configure_activations))
<BR><BR>[Stack]<UL><LI>Max Depth = 32<LI>Call Chain = network_configure_activations &rArr; ai_platform_get_activations_map &rArr; _platform_get_table_map_from_buffer_array
</UL>
<BR>[Calls]<UL><LI><a href="#[290]">&gt;&gt;</a>&nbsp;&nbsp;&nbsp;ai_platform_network_set_error
<LI><a href="#[2ae]">&gt;&gt;</a>&nbsp;&nbsp;&nbsp;ai_platform_get_activations_map
</UL>
<BR>[Called By]<UL><LI><a href="#[212]">&gt;&gt;</a>&nbsp;&nbsp;&nbsp;ai_network_init
</UL>

<P><STRONG><a name="[2a8]"></a>network_configure_weights</STRONG> (Thumb, 190 bytes, Stack size 8 bytes, network.o(i.network_configure_weights))
<BR><BR>[Stack]<UL><LI>Max Depth = 32<LI>Call Chain = network_configure_weights &rArr; ai_platform_get_weights_map &rArr; _platform_get_table_map_from_buffer_array
</UL>
<BR>[Calls]<UL><LI><a href="#[290]">&gt;&gt;</a>&nbsp;&nbsp;&nbsp;ai_platform_network_set_error
<LI><a href="#[2b0]">&gt;&gt;</a>&nbsp;&nbsp;&nbsp;ai_platform_get_weights_map
</UL>
<BR>[Called By]<UL><LI><a href="#[212]">&gt;&gt;</a>&nbsp;&nbsp;&nbsp;ai_network_init
</UL>

<P><STRONG><a name="[135]"></a>__sti___21_typedtextdatabase_cpp_05ec7672</STRONG> (Thumb, 24 bytes, Stack size 8 bytes, typedtextdatabase.o(i.__sti___21_typedtextdatabase_cpp_05ec7672))
<BR><BR>[Stack]<UL><LI>Max Depth = 148<LI>Call Chain = __sti___21_typedtextdatabase_cpp_05ec7672 &rArr; getFont_verdana_40_4bpp() &rArr; touchgfx::GeneratedFont::GeneratedFont(const touchgfx::GlyphNode*, unsigned short, unsigned short, unsigned char, unsigned char, unsigned char, unsigned char, unsigned char, const unsigned char*const *, const touchgfx::KerningNode*, unsigned short, unsigned short, const unsigned short*) &rArr; touchgfx::ConstFont::ConstFont__sub_object(const touchgfx::GlyphNode*, unsigned short, unsigned short, unsigned char, unsigned char, unsigned char, unsigned char, unsigned char, unsigned short, unsigned short)
</UL>
<BR>[Calls]<UL><LI><a href="#[225]">&gt;&gt;</a>&nbsp;&nbsp;&nbsp;getFont_verdana_40_4bpp()
<LI><a href="#[224]">&gt;&gt;</a>&nbsp;&nbsp;&nbsp;getFont_verdana_20_4bpp()
<LI><a href="#[221]">&gt;&gt;</a>&nbsp;&nbsp;&nbsp;getFont_verdana_10_4bpp()
</UL>
<BR>[Address Reference Count : 1]<UL><LI> typedtextdatabase.o(.init_array)
</UL>
<P><STRONG><a name="[136]"></a>__sti___15_Application_cpp</STRONG> (Thumb, 24 bytes, Stack size 0 bytes, application.o(i.__sti___15_Application_cpp))
<BR>[Address Reference Count : 1]<UL><LI> application.o(.init_array)
</UL>
<P><STRONG><a name="[137]"></a>__sti___7_LCD_cpp</STRONG> (Thumb, 8 bytes, Stack size 0 bytes, lcd.o(i.__sti___7_LCD_cpp))
<BR>[Address Reference Count : 1]<UL><LI> lcd.o(.init_array)
</UL>
<P><STRONG><a name="[191]"></a>CRC_Lock</STRONG> (Thumb, 84 bytes, Stack size 8 bytes, ai_platform_interface.o(i.CRC_Lock))
<BR><BR>[Stack]<UL><LI>Max Depth = 8<LI>Call Chain = CRC_Lock
</UL>
<BR>[Calls]<UL><LI><a href="#[193]">&gt;&gt;</a>&nbsp;&nbsp;&nbsp;_ai_platform_release_crc
<LI><a href="#[192]">&gt;&gt;</a>&nbsp;&nbsp;&nbsp;_ai_platform_acquire_crc
</UL>
<BR>[Called By]<UL><LI><a href="#[2a3]">&gt;&gt;</a>&nbsp;&nbsp;&nbsp;ai_platform_runtime_get_version
<LI><a href="#[2a2]">&gt;&gt;</a>&nbsp;&nbsp;&nbsp;ai_platform_runtime_get_revision
<LI><a href="#[29f]">&gt;&gt;</a>&nbsp;&nbsp;&nbsp;ai_platform_network_create
<LI><a href="#[2a5]">&gt;&gt;</a>&nbsp;&nbsp;&nbsp;ai_platform_interface_api_get_version
<LI><a href="#[2a1]">&gt;&gt;</a>&nbsp;&nbsp;&nbsp;ai_platform_context_acquire
<LI><a href="#[2a4]">&gt;&gt;</a>&nbsp;&nbsp;&nbsp;ai_platform_api_get_version
<LI><a href="#[2a6]">&gt;&gt;</a>&nbsp;&nbsp;&nbsp;ai_platform_api_get_network_report
</UL>

<P><STRONG><a name="[284]"></a>_ai_platform_get_io_buffers_info</STRONG> (Thumb, 202 bytes, Stack size 136 bytes, ai_platform_interface.o(i._ai_platform_get_io_buffers_info))
<BR><BR>[Stack]<UL><LI>Max Depth = 152<LI>Call Chain = _ai_platform_get_io_buffers_info &rArr; ai_array_to_buffer_fmt
</UL>
<BR>[Calls]<UL><LI><a href="#[285]">&gt;&gt;</a>&nbsp;&nbsp;&nbsp;ai_array_to_buffer_fmt
<LI><a href="#[1b1]">&gt;&gt;</a>&nbsp;&nbsp;&nbsp;__aeabi_memclr4
<LI><a href="#[1ca]">&gt;&gt;</a>&nbsp;&nbsp;&nbsp;__aeabi_memcpy4
</UL>
<BR>[Called By]<UL><LI><a href="#[2a6]">&gt;&gt;</a>&nbsp;&nbsp;&nbsp;ai_platform_api_get_network_report
</UL>

<P><STRONG><a name="[288]"></a>_platform_ai_buffer_array_copy</STRONG> (Thumb, 76 bytes, Stack size 16 bytes, ai_platform_interface.o(i._platform_ai_buffer_array_copy))
<BR><BR>[Stack]<UL><LI>Max Depth = 16<LI>Call Chain = _platform_ai_buffer_array_copy
</UL>
<BR>[Calls]<UL><LI><a href="#[1ca]">&gt;&gt;</a>&nbsp;&nbsp;&nbsp;__aeabi_memcpy4
</UL>
<BR>[Called By]<UL><LI><a href="#[2a7]">&gt;&gt;</a>&nbsp;&nbsp;&nbsp;ai_platform_network_init
</UL>

<P><STRONG><a name="[2af]"></a>_platform_get_table_map_from_buffer</STRONG> (Thumb, 74 bytes, Stack size 12 bytes, ai_platform_interface.o(i._platform_get_table_map_from_buffer))
<BR><BR>[Stack]<UL><LI>Max Depth = 12<LI>Call Chain = _platform_get_table_map_from_buffer
</UL>
<BR>[Called By]<UL><LI><a href="#[2b0]">&gt;&gt;</a>&nbsp;&nbsp;&nbsp;ai_platform_get_weights_map
<LI><a href="#[2ae]">&gt;&gt;</a>&nbsp;&nbsp;&nbsp;ai_platform_get_activations_map
</UL>

<P><STRONG><a name="[289]"></a>_platform_get_table_map_from_buffer_array</STRONG> (Thumb, 68 bytes, Stack size 16 bytes, ai_platform_interface.o(i._platform_get_table_map_from_buffer_array))
<BR><BR>[Stack]<UL><LI>Max Depth = 16<LI>Call Chain = _platform_get_table_map_from_buffer_array
</UL>
<BR>[Calls]<UL><LI><a href="#[28a]">&gt;&gt;</a>&nbsp;&nbsp;&nbsp;ai_buffer_array_sane
</UL>
<BR>[Called By]<UL><LI><a href="#[2b0]">&gt;&gt;</a>&nbsp;&nbsp;&nbsp;ai_platform_get_weights_map
<LI><a href="#[2ae]">&gt;&gt;</a>&nbsp;&nbsp;&nbsp;ai_platform_get_activations_map
</UL>

<P><STRONG><a name="[2ad]"></a>_platform_network_buffers_signature_valid</STRONG> (Thumb, 14 bytes, Stack size 0 bytes, ai_platform_interface.o(i._platform_network_buffers_signature_valid))
<BR><BR>[Called By]<UL><LI><a href="#[2a7]">&gt;&gt;</a>&nbsp;&nbsp;&nbsp;ai_platform_network_init
<LI><a href="#[2a6]">&gt;&gt;</a>&nbsp;&nbsp;&nbsp;ai_platform_api_get_network_report
</UL>

<P><STRONG><a name="[28b]"></a>_platform_network_io_bind</STRONG> (Thumb, 528 bytes, Stack size 48 bytes, ai_platform_interface.o(i._platform_network_io_bind))
<BR><BR>[Stack]<UL><LI>Max Depth = 64<LI>Call Chain = _platform_network_io_bind &rArr; ai_array_to_buffer_fmt
</UL>
<BR>[Calls]<UL><LI><a href="#[290]">&gt;&gt;</a>&nbsp;&nbsp;&nbsp;ai_platform_network_set_error
<LI><a href="#[28e]">&gt;&gt;</a>&nbsp;&nbsp;&nbsp;get_tensor_byte_size
<LI><a href="#[285]">&gt;&gt;</a>&nbsp;&nbsp;&nbsp;ai_array_to_buffer_fmt
<LI><a href="#[28d]">&gt;&gt;</a>&nbsp;&nbsp;&nbsp;ai_array_get_data_byte_size
<LI><a href="#[28f]">&gt;&gt;</a>&nbsp;&nbsp;&nbsp;_platform_network_state_setup
<LI><a href="#[28c]">&gt;&gt;</a>&nbsp;&nbsp;&nbsp;ai_buffer_get_size
</UL>
<BR>[Called By]<UL><LI><a href="#[2ab]">&gt;&gt;</a>&nbsp;&nbsp;&nbsp;ai_platform_network_process
</UL>

<P><STRONG><a name="[28f]"></a>_platform_network_state_setup</STRONG> (Thumb, 62 bytes, Stack size 16 bytes, ai_platform_interface.o(i._platform_network_state_setup))
<BR><BR>[Stack]<UL><LI>Max Depth = 16<LI>Call Chain = _platform_network_state_setup
</UL>
<BR>[Calls]<UL><LI><a href="#[28e]">&gt;&gt;</a>&nbsp;&nbsp;&nbsp;get_tensor_byte_size
</UL>
<BR>[Called By]<UL><LI><a href="#[28b]">&gt;&gt;</a>&nbsp;&nbsp;&nbsp;_platform_network_io_bind
</UL>

<P><STRONG><a name="[291]"></a>_platform_network_state_update_input</STRONG> (Thumb, 104 bytes, Stack size 16 bytes, ai_platform_interface.o(i._platform_network_state_update_input))
<BR><BR>[Stack]<UL><LI>Max Depth = 16<LI>Call Chain = _platform_network_state_update_input
</UL>
<BR>[Calls]<UL><LI><a href="#[292]">&gt;&gt;</a>&nbsp;&nbsp;&nbsp;__aeabi_memcpy
</UL>
<BR>[Called By]<UL><LI><a href="#[2ab]">&gt;&gt;</a>&nbsp;&nbsp;&nbsp;ai_platform_network_process
</UL>

<P><STRONG><a name="[293]"></a>_platform_network_state_update_output</STRONG> (Thumb, 128 bytes, Stack size 24 bytes, ai_platform_interface.o(i._platform_network_state_update_output))
<BR><BR>[Stack]<UL><LI>Max Depth = 24<LI>Call Chain = _platform_network_state_update_output
</UL>
<BR>[Calls]<UL><LI><a href="#[292]">&gt;&gt;</a>&nbsp;&nbsp;&nbsp;__aeabi_memcpy
</UL>
<BR>[Called By]<UL><LI><a href="#[2ab]">&gt;&gt;</a>&nbsp;&nbsp;&nbsp;ai_platform_network_process
</UL>

<P><STRONG><a name="[2be]"></a>__ai_math_dot_array</STRONG> (Thumb, 244 bytes, Stack size 0 bytes, layers_conv2d_generic_float.o(i.__ai_math_dot_array))
<BR><BR>[Called By]<UL><LI><a href="#[14]">&gt;&gt;</a>&nbsp;&nbsp;&nbsp;forward_dense
</UL>

<P><STRONG><a name="[2bc]"></a>_ai_dict4_dot_array_f32</STRONG> (Thumb, 294 bytes, Stack size 20 bytes, layers_conv2d_generic_float.o(i._ai_dict4_dot_array_f32))
<BR><BR>[Stack]<UL><LI>Max Depth = 20<LI>Call Chain = _ai_dict4_dot_array_f32
</UL>
<BR>[Called By]<UL><LI><a href="#[14]">&gt;&gt;</a>&nbsp;&nbsp;&nbsp;forward_dense
</UL>

<P><STRONG><a name="[2bd]"></a>_ai_dict8_dot_array_f32</STRONG> (Thumb, 228 bytes, Stack size 20 bytes, layers_conv2d_generic_float.o(i._ai_dict8_dot_array_f32))
<BR><BR>[Stack]<UL><LI>Max Depth = 20<LI>Call Chain = _ai_dict8_dot_array_f32
</UL>
<BR>[Called By]<UL><LI><a href="#[14]">&gt;&gt;</a>&nbsp;&nbsp;&nbsp;forward_dense
</UL>

<P><STRONG><a name="[29b]"></a>ai_conv2d_kernel_depthwise_f32</STRONG> (Thumb, 282 bytes, Stack size 64 bytes, layers_conv2d_generic_float.o(i.ai_conv2d_kernel_depthwise_f32))
<BR><BR>[Stack]<UL><LI>Max Depth = 64<LI>Call Chain = ai_conv2d_kernel_depthwise_f32
</UL>
<BR>[Called By]<UL><LI><a href="#[299]">&gt;&gt;</a>&nbsp;&nbsp;&nbsp;ai_conv2d_stripe_f32
</UL>

<P><STRONG><a name="[29c]"></a>ai_conv2d_kernel_group_f32</STRONG> (Thumb, 350 bytes, Stack size 76 bytes, layers_conv2d_generic_float.o(i.ai_conv2d_kernel_group_f32))
<BR><BR>[Stack]<UL><LI>Max Depth = 76<LI>Call Chain = ai_conv2d_kernel_group_f32
</UL>
<BR>[Called By]<UL><LI><a href="#[299]">&gt;&gt;</a>&nbsp;&nbsp;&nbsp;ai_conv2d_stripe_f32
</UL>

<P><STRONG><a name="[29a]"></a>ai_conv2d_kernel_simple_opt_f32</STRONG> (Thumb, 390 bytes, Stack size 68 bytes, layers_conv2d_generic_float.o(i.ai_conv2d_kernel_simple_opt_f32))
<BR><BR>[Stack]<UL><LI>Max Depth = 68<LI>Call Chain = ai_conv2d_kernel_simple_opt_f32
</UL>
<BR>[Called By]<UL><LI><a href="#[299]">&gt;&gt;</a>&nbsp;&nbsp;&nbsp;ai_conv2d_stripe_f32
</UL>

<P><STRONG><a name="[299]"></a>ai_conv2d_stripe_f32</STRONG> (Thumb, 606 bytes, Stack size 120 bytes, layers_conv2d_generic_float.o(i.ai_conv2d_stripe_f32))
<BR><BR>[Stack]<UL><LI>Max Depth = 196<LI>Call Chain = ai_conv2d_stripe_f32 &rArr; ai_conv2d_kernel_group_f32
</UL>
<BR>[Calls]<UL><LI><a href="#[29a]">&gt;&gt;</a>&nbsp;&nbsp;&nbsp;ai_conv2d_kernel_simple_opt_f32
<LI><a href="#[29c]">&gt;&gt;</a>&nbsp;&nbsp;&nbsp;ai_conv2d_kernel_group_f32
<LI><a href="#[29b]">&gt;&gt;</a>&nbsp;&nbsp;&nbsp;ai_conv2d_kernel_depthwise_f32
<LI><a href="#[146]">&gt;&gt;</a>&nbsp;&nbsp;&nbsp;malloc
<LI><a href="#[148]">&gt;&gt;</a>&nbsp;&nbsp;&nbsp;free
</UL>
<BR>[Called By]<UL><LI><a href="#[16]">&gt;&gt;</a>&nbsp;&nbsp;&nbsp;forward_conv2d_nl_pool
</UL>

<P><STRONG><a name="[2b7]"></a>core_nl_get_params_byte_size</STRONG> (Thumb, 16 bytes, Stack size 0 bytes, layers_conv2d_generic_float.o(i.core_nl_get_params_byte_size))
<BR><BR>[Calls]<UL><LI><a href="#[2b8]">&gt;&gt;</a>&nbsp;&nbsp;&nbsp;ai_array_get_byte_size
</UL>
<BR>[Called By]<UL><LI><a href="#[16]">&gt;&gt;</a>&nbsp;&nbsp;&nbsp;forward_conv2d_nl_pool
</UL>

<P><STRONG><a name="[2b9]"></a>core_nl_get_params_ptr</STRONG> (Thumb, 18 bytes, Stack size 0 bytes, layers_conv2d_generic_float.o(i.core_nl_get_params_ptr))
<BR><BR>[Called By]<UL><LI><a href="#[16]">&gt;&gt;</a>&nbsp;&nbsp;&nbsp;forward_conv2d_nl_pool
</UL>

<P><STRONG><a name="[2ba]"></a>core_nl_get_params_stride</STRONG> (Thumb, 16 bytes, Stack size 0 bytes, layers_conv2d_generic_float.o(i.core_nl_get_params_stride))
<BR><BR>[Called By]<UL><LI><a href="#[16]">&gt;&gt;</a>&nbsp;&nbsp;&nbsp;forward_conv2d_nl_pool
</UL>

<P><STRONG><a name="[ab]"></a>func_dummy</STRONG> (Thumb, 2 bytes, Stack size 0 bytes, layers_conv2d_generic_float.o(i.func_dummy))
<BR>[Address Reference Count : 1]<UL><LI> layers_conv2d_generic_float.o(i.forward_conv2d_nl_pool)
</UL>
<P><STRONG><a name="[2bf]"></a>ai_shape_get_size</STRONG> (Thumb, 26 bytes, Stack size 0 bytes, layers_nl_generic_float.o(i.ai_shape_get_size))
<BR><BR>[Called By]<UL><LI><a href="#[13]">&gt;&gt;</a>&nbsp;&nbsp;&nbsp;forward_sm
<LI><a href="#[15]">&gt;&gt;</a>&nbsp;&nbsp;&nbsp;forward_relu
</UL>

<P><STRONG><a name="[29e]"></a>_ai_forward_layer</STRONG> (Thumb, 18 bytes, Stack size 8 bytes, layers.o(i._ai_forward_layer))
<BR><BR>[Stack]<UL><LI>Max Depth = 8<LI>Call Chain = _ai_forward_layer
</UL>
<BR>[Called By]<UL><LI><a href="#[29d]">&gt;&gt;</a>&nbsp;&nbsp;&nbsp;ai_layers_forward_all
</UL>

<P><STRONG><a name="[286]"></a>_fp_digits</STRONG> (Thumb, 366 bytes, Stack size 64 bytes, printfa.o(i._fp_digits), UNUSED)
<BR><BR>[Calls]<UL><LI><a href="#[13f]">&gt;&gt;</a>&nbsp;&nbsp;&nbsp;__aeabi_uldivmod
<LI><a href="#[14f]">&gt;&gt;</a>&nbsp;&nbsp;&nbsp;__aeabi_dmul
<LI><a href="#[150]">&gt;&gt;</a>&nbsp;&nbsp;&nbsp;__aeabi_ddiv
<LI><a href="#[149]">&gt;&gt;</a>&nbsp;&nbsp;&nbsp;__aeabi_dadd
<LI><a href="#[151]">&gt;&gt;</a>&nbsp;&nbsp;&nbsp;__aeabi_d2ulz
<LI><a href="#[287]">&gt;&gt;</a>&nbsp;&nbsp;&nbsp;__aeabi_cdrcmple
</UL>
<BR>[Called By]<UL><LI><a href="#[278]">&gt;&gt;</a>&nbsp;&nbsp;&nbsp;_printf_core
</UL>

<P><STRONG><a name="[278]"></a>_printf_core</STRONG> (Thumb, 1704 bytes, Stack size 136 bytes, printfa.o(i._printf_core), UNUSED)
<BR><BR>[Calls]<UL><LI><a href="#[294]">&gt;&gt;</a>&nbsp;&nbsp;&nbsp;_printf_pre_padding
<LI><a href="#[295]">&gt;&gt;</a>&nbsp;&nbsp;&nbsp;_printf_post_padding
<LI><a href="#[286]">&gt;&gt;</a>&nbsp;&nbsp;&nbsp;_fp_digits
<LI><a href="#[13f]">&gt;&gt;</a>&nbsp;&nbsp;&nbsp;__aeabi_uldivmod
<LI><a href="#[296]">&gt;&gt;</a>&nbsp;&nbsp;&nbsp;__aeabi_uidivmod
</UL>
<BR>[Called By]<UL><LI><a href="#[279]">&gt;&gt;</a>&nbsp;&nbsp;&nbsp;__0sprintf
<LI><a href="#[277]">&gt;&gt;</a>&nbsp;&nbsp;&nbsp;__0printf
</UL>

<P><STRONG><a name="[295]"></a>_printf_post_padding</STRONG> (Thumb, 36 bytes, Stack size 24 bytes, printfa.o(i._printf_post_padding), UNUSED)
<BR><BR>[Called By]<UL><LI><a href="#[278]">&gt;&gt;</a>&nbsp;&nbsp;&nbsp;_printf_core
</UL>

<P><STRONG><a name="[294]"></a>_printf_pre_padding</STRONG> (Thumb, 46 bytes, Stack size 24 bytes, printfa.o(i._printf_pre_padding), UNUSED)
<BR><BR>[Called By]<UL><LI><a href="#[278]">&gt;&gt;</a>&nbsp;&nbsp;&nbsp;_printf_core
</UL>

<P><STRONG><a name="[a3]"></a>_sputc</STRONG> (Thumb, 10 bytes, Stack size 0 bytes, printfa.o(i._sputc))
<BR><BR>[Called By]<UL><LI><a href="#[279]">&gt;&gt;</a>&nbsp;&nbsp;&nbsp;__0sprintf
</UL>
<BR>[Address Reference Count : 1]<UL><LI> printfa.o(i.__0sprintf)
</UL>
<P><STRONG><a name="[281]"></a>internal_alloc</STRONG> (Thumb, 76 bytes, Stack size 24 bytes, mallocr.o(i.internal_alloc))
<BR><BR>[Stack]<UL><LI>Max Depth = 24<LI>Call Chain = internal_alloc
</UL>
<BR>[Calls]<UL><LI><a href="#[292]">&gt;&gt;</a>&nbsp;&nbsp;&nbsp;__aeabi_memcpy
</UL>
<BR>[Called By]<UL><LI><a href="#[146]">&gt;&gt;</a>&nbsp;&nbsp;&nbsp;malloc
</UL>
<P>
<H3>
Undefined Global Symbols
</H3><HR></body></html>
